09-13 21:56:29.866 17004 17049 I TestRunner: started: radio_buttons_update_accompaniment_menu_subtotal(com.example.lunchtray.OrderFunctionalityTests)
09-13 21:56:29.882 17004 17049 W Settings: Setting always_finish_activities has moved from android.provider.Settings.System to android.provider.Settings.Global, returning read-only value.
09-13 21:56:29.892 17004 17049 D CompatibilityChangeReporter: Compat change id reported: 160794467; UID 10148; state: ENABLED
09-13 21:56:29.936 17004 17053 D libEGL  : loaded /vendor/lib64/egl/libEGL_emulation.so
09-13 21:56:29.940 17004 17053 D libEGL  : loaded /vendor/lib64/egl/libGLESv1_CM_emulation.so
09-13 21:56:29.942 17004 17053 D libEGL  : loaded /vendor/lib64/egl/libGLESv2_emulation.so
09-13 21:56:29.947   352   415 D goldfish-address-space: claimShared: Ask to claim region [0x3f0f68000 0x3f18cd000]
09-13 21:56:29.953 17004 17004 D LifecycleMonitor: Lifecycle status change: androidx.test.core.app.InstrumentationActivityInvoker$BootstrapActivity@9b5c3b8 in: PRE_ON_CREATE
09-13 21:56:29.955   352   415 D goldfish-address-space: claimShared: Ask to claim region [0x3f4e40000 0x3f57a5000]
09-13 21:56:29.957 17004 17004 V ActivityScenario: Activity lifecycle changed event received but ignored because the intent does not match. startActivityIntent=Intent { act=android.intent.action.MAIN cat=[android.intent.category.LAUNCHER] cmp=com.example.lunchtray/androidx.fragment.app.testing.FragmentScenario$EmptyFragmentActivity (has extras) }, activity.getIntent()=Intent { act=android.intent.action.MAIN cat=[android.intent.category.LAUNCHER] flg=0x10008000 cmp=com.example.lunchtray/androidx.test.core.app.InstrumentationActivityInvoker$BootstrapActivity (has extras) }, activity=androidx.test.core.app.InstrumentationActivityInvoker$BootstrapActivity@9b5c3b8
09-13 21:56:29.962   352   415 D goldfish-address-space: claimShared: Ask to claim region [0x3f6a6f000 0x3f73d4000]
09-13 21:56:30.010 16945 16945 I BluetoothServiceJni: hal_util_load_bt_library: loaded Bluetooth library successfully
09-13 21:56:30.028  9242  9242 I GsaVoiceInteractionSrv: Handling ACTION_STOP_HOTWORD
09-13 21:56:30.028  9242  9242 E HwDetectorWithState: a: 3
09-13 21:56:30.041 11650 11674 D EGL_emulation: app_time_stats: avg=1777.55ms min=1777.55ms max=1777.55ms count=1
09-13 21:56:30.057 16945 16945 D BluetoothAdapterService: onCreate()
09-13 21:56:30.098 16945 16945 D AdapterState: make() - Creating AdapterState
09-13 21:56:30.111 16945 17056 I AdapterState: OFF : entered
09-13 21:56:30.111 16945 17056 D AdapterProperties: Setting state to OFF
09-13 21:56:30.115 17004 17004 D LifecycleMonitor: Lifecycle status change: androidx.test.core.app.InstrumentationActivityInvoker$BootstrapActivity@9b5c3b8 in: CREATED
09-13 21:56:30.116 17004 17004 V ActivityScenario: Activity lifecycle changed event received but ignored because the intent does not match. startActivityIntent=Intent { act=android.intent.action.MAIN cat=[android.intent.category.LAUNCHER] cmp=com.example.lunchtray/androidx.fragment.app.testing.FragmentScenario$EmptyFragmentActivity (has extras) }, activity.getIntent()=Intent { act=android.intent.action.MAIN cat=[android.intent.category.LAUNCHER] flg=0x10008000 cmp=com.example.lunchtray/androidx.test.core.app.InstrumentationActivityInvoker$BootstrapActivity (has extras) }, activity=androidx.test.core.app.InstrumentationActivityInvoker$BootstrapActivity@9b5c3b8
09-13 21:56:30.125 17004 17004 D LifecycleMonitor: Lifecycle status change: androidx.test.core.app.InstrumentationActivityInvoker$BootstrapActivity@9b5c3b8 in: STARTED
09-13 21:56:30.125 17004 17004 V ActivityScenario: Activity lifecycle changed event received but ignored because the intent does not match. startActivityIntent=Intent { act=android.intent.action.MAIN cat=[android.intent.category.LAUNCHER] cmp=com.example.lunchtray/androidx.fragment.app.testing.FragmentScenario$EmptyFragmentActivity (has extras) }, activity.getIntent()=Intent { act=android.intent.action.MAIN cat=[android.intent.category.LAUNCHER] flg=0x10008000 cmp=com.example.lunchtray/androidx.test.core.app.InstrumentationActivityInvoker$BootstrapActivity (has extras) }, activity=androidx.test.core.app.InstrumentationActivityInvoker$BootstrapActivity@9b5c3b8
09-13 21:56:30.143 17004 17004 D LifecycleMonitor: Lifecycle status change: androidx.test.core.app.InstrumentationActivityInvoker$BootstrapActivity@9b5c3b8 in: RESUMED
09-13 21:56:30.144 17004 17004 V ActivityScenario: Activity lifecycle changed event received but ignored because the intent does not match. startActivityIntent=Intent { act=android.intent.action.MAIN cat=[android.intent.category.LAUNCHER] cmp=com.example.lunchtray/androidx.fragment.app.testing.FragmentScenario$EmptyFragmentActivity (has extras) }, activity.getIntent()=Intent { act=android.intent.action.MAIN cat=[android.intent.category.LAUNCHER] flg=0x10008000 cmp=com.example.lunchtray/androidx.test.core.app.InstrumentationActivityInvoker$BootstrapActivity (has extras) }, activity=androidx.test.core.app.InstrumentationActivityInvoker$BootstrapActivity@9b5c3b8
09-13 21:56:30.152 17004 17004 D LifecycleMonitor: Lifecycle status change: androidx.test.core.app.InstrumentationActivityInvoker$BootstrapActivity@9b5c3b8 in: PAUSED
09-13 21:56:30.153 17004 17004 V ActivityScenario: Activity lifecycle changed event received but ignored because the intent does not match. startActivityIntent=Intent { act=android.intent.action.MAIN cat=[android.intent.category.LAUNCHER] cmp=com.example.lunchtray/androidx.fragment.app.testing.FragmentScenario$EmptyFragmentActivity (has extras) }, activity.getIntent()=Intent { act=android.intent.action.MAIN cat=[android.intent.category.LAUNCHER] flg=0x10008000 cmp=com.example.lunchtray/androidx.test.core.app.InstrumentationActivityInvoker$BootstrapActivity (has extras) }, activity=androidx.test.core.app.InstrumentationActivityInvoker$BootstrapActivity@9b5c3b8
09-13 21:56:30.163  5731 17043 I NearbyDiscovery: Show notifications: 0 total, no changes since last shown, no-op. [CONTEXT service_id=49 ]
09-13 21:56:30.164  5731 17043 I NearbyDiscovery: FastPairHandler: Received action android.net.wifi.STATE_CHANGE [CONTEXT service_id=49 ]
09-13 21:56:30.165  5731 17043 I NearbyDiscovery: FastPairHandler: Received action android.net.conn.CONNECTIVITY_CHANGE [CONTEXT service_id=49 ]
09-13 21:56:30.194 16945 16945 D BluetoothKeystoreService: new BluetoothKeystoreService isCommonCriteriaMode: false
09-13 21:56:30.195 16945 16945 D BluetoothKeystoreService: start
09-13 21:56:30.196 16945 16945 I droid.bluetoot: [0913/215630.196408:INFO:com_android_bluetooth_btservice_BluetoothKeystore.cpp(97)] classInitNative: succeeds
09-13 21:56:30.196 16945 16945 D BluetoothKeystoreService: setBluetoothKeystoreService(): set to: com.android.bluetooth.btservice.bluetoothkeystore.BluetoothKeystoreService@5023d15
09-13 21:56:30.218 17004 17004 D LifecycleMonitor: Lifecycle status change: androidx.fragment.app.testing.FragmentScenario$EmptyFragmentActivity@ed55fda in: PRE_ON_CREATE
09-13 21:56:30.219 17004 17004 V ActivityScenario: Activity lifecycle changed event received but ignored because the reported transition was not ON_CREATE while the last known transition was PRE_ON_CREATE
09-13 21:56:30.368  5731  6406 D BluetoothAdapter: isLeEnabled(): OFF
09-13 21:56:30.369 17004 17004 D LifecycleMonitor: Lifecycle status change: androidx.fragment.app.testing.FragmentScenario$EmptyFragmentActivity@ed55fda in: CREATED
09-13 21:56:30.369 17004 17004 V ActivityScenario: Update currentActivityStage to CREATED, currentActivity=androidx.fragment.app.testing.FragmentScenario$EmptyFragmentActivity@ed55fda
09-13 21:56:30.374 17004 17004 D LifecycleMonitor: Lifecycle status change: androidx.fragment.app.testing.FragmentScenario$EmptyFragmentActivity@ed55fda in: STARTED
09-13 21:56:30.376   787   861 D EGL_emulation: app_time_stats: avg=262450.41ms min=262450.41ms max=262450.41ms count=1
09-13 21:56:30.376 17004 17004 V ActivityScenario: Update currentActivityStage to STARTED, currentActivity=androidx.fragment.app.testing.FragmentScenario$EmptyFragmentActivity@ed55fda
09-13 21:56:30.379 17004 17004 D LifecycleMonitor: Lifecycle status change: androidx.fragment.app.testing.FragmentScenario$EmptyFragmentActivity@ed55fda in: RESUMED
09-13 21:56:30.379 17004 17004 V ActivityScenario: Update currentActivityStage to RESUMED, currentActivity=androidx.fragment.app.testing.FragmentScenario$EmptyFragmentActivity@ed55fda
09-13 21:56:30.381  2784  2784 I A       : onApplyWindowInsets: systemWindowInsets=Insets{left=0, top=66, right=0, bottom=132}
09-13 21:56:30.384  2784  2784 I A       : onApplyWindowInsets: systemWindowInsets=Insets{left=0, top=66, right=0, bottom=132}
09-13 21:56:30.398 16945 16945 D BluetoothKeystoreService: loadConfigData
09-13 21:56:30.414 16945 16945 I droid.bluetoot: [0913/215630.414766:INFO:com_android_bluetooth_btservice_ActivityAttribution.cpp(96)] classInitNative: succeeds
09-13 21:56:30.415 17004 17051 D HostConnection: createUnique: call
09-13 21:56:30.499 16945 16945 D BluetoothKeystoreService: getCompareResult: 0
09-13 21:56:30.545 17004 17051 D HostConnection: HostConnection::get() New Host Connection established 0x785cac0a5e90, tid 17051
09-13 21:56:30.548 16945 16945 I bt_btif : system/bt/btif/src/bluetooth.cc:162 init: init: start restricted = 0 ; common criteria mode = 0, config compare result = 0
09-13 21:56:30.580 16945 16945 I bt      : bt_common::init_flags: Flags loaded: gd_core=false gd_advertising=false gd_scanning=false gd_security=false gd_acl=false gd_l2cap=false gd_hci=false gd_controller=false gatt_robust_caching=false btaa_hci=false gd_rust=false gd_link_policy=false
09-13 21:56:30.593 17004 17051 D HostConnection: HostComposition ext ANDROID_EMU_CHECKSUM_HELPER_v1 ANDROID_EMU_native_sync_v2 ANDROID_EMU_native_sync_v3 ANDROID_EMU_native_sync_v4 ANDROID_EMU_dma_v1 ANDROID_EMU_direct_mem ANDROID_EMU_host_composition_v1 ANDROID_EMU_host_composition_v2 ANDROID_EMU_vulkan ANDROID_EMU_deferred_vulkan_commands ANDROID_EMU_vulkan_null_optional_strings ANDROID_EMU_vulkan_create_resources_with_requirements ANDROID_EMU_YUV_Cache ANDROID_EMU_vulkan_ignored_handles ANDROID_EMU_has_shared_slots_host_memory_allocator ANDROID_EMU_vulkan_free_memory_sync ANDROID_EMU_vulkan_shader_float16_int8 ANDROID_EMU_vulkan_async_queue_submit ANDROID_EMU_vulkan_queue_submit_with_commands ANDROID_EMU_sync_buffer_data ANDROID_EMU_read_color_buffer_dma GL_OES_vertex_array_object GL_KHR_texture_compression_astc_ldr ANDROID_EMU_host_side_tracing ANDROID_EMU_gles_max_version_2
09-13 21:56:30.593 16945 17061 I droid.bluetoot: [0913/215630.593071:INFO:message_loop_thread.cc(224)] Run: message loop starting for thread bt_stack_manager_thread
09-13 21:56:30.601   189   189 I hwservicemanager: getTransport: Cannot find entry android.hardware.configstore@1.0::ISurfaceFlingerConfigs/default in either framework or device VINTF manifest.
09-13 21:56:30.605 16945 17061 I bt_stack_manager: system/bt/btif/src/stack_manager.cc:200 event_init_stack: is initializing the stack
09-13 21:56:30.611 17004 17051 W OpenGLRenderer: Failed to choose config with EGL_SWAP_BEHAVIOR_PRESERVED, retrying without...
09-13 21:56:30.617 17004 17051 W OpenGLRenderer: Failed to initialize 101010-2 format, error = EGL_SUCCESS
09-13 21:56:30.632 16945 17064 I bt_osi_thread: system/bt/osi/src/thread.cc:209 run_thread: run_thread: thread id 17064, thread name alarm_default_ca started
09-13 21:56:30.634 16945 17065 I bt_osi_thread: system/bt/osi/src/thread.cc:209 run_thread: run_thread: thread id 17065, thread name alarm_dispatcher started
09-13 21:56:30.635 16945 17061 I bt_btif_core: system/bt/btif/src/btif_core.cc:235 btif_init_bluetooth: btif_init_bluetooth entered
09-13 21:56:30.636 16945 17066 I droid.bluetoot: [0913/215630.635997:INFO:message_loop_thread.cc(224)] Run: message loop starting for thread bt_jni_thread
09-13 21:56:30.636 17004 17051 D EGL_emulation: eglCreateContext: 0x785cac0a5050: maj 2 min 0 rcv 2
09-13 21:56:30.639 16945 17061 I bt_btif_core: system/bt/btif/src/btif_core.cc:239 btif_init_bluetooth: btif_init_bluetooth finished
09-13 21:56:30.639 16945 17061 I bt_stack_config: system/bt/main/stack_config.cc:51 init: init attempt to load stack conf from /etc/bluetooth/bt_stack.conf
09-13 21:56:30.654 16945 17061 I bt_stack_manager: system/bt/btif/src/stack_manager.cc:223 event_init_stack: finished
09-13 21:56:30.654 16945 16945 I bt_osi_wakelock: system/bt/osi/src/wakelock.cc:98 wakelock_set_os_callouts: wakelock_set_os_callouts set to non-native
09-13 21:56:30.654 16945 16945 I bt_btif : system/bt/btif/src/bluetooth.cc:417 get_profile_interface: get_profile_interface: id = socket
09-13 21:56:30.655 16945 16945 E droid.bluetoot: [0913/215630.654958:ERROR:message_loop_thread.cc(102)] DoInThreadDelayed: message loop is null for thread bt_main_thread(-1), from pc:0x785baa2eaeb9
09-13 21:56:30.655 16945 16945 E droid.bluetoot: [0913/215630.655061:ERROR:btu_task.cc(94)] do_in_main_thread: failed from pc:0x785baa2eaeb9
09-13 21:56:30.655 16945 16945 E droid.bluetoot: [0913/215630.655140:ERROR:message_loop_thread.cc(102)] DoInThreadDelayed: message loop is null for thread bt_main_thread(-1), from pc:0x785baa2eaeb9
09-13 21:56:30.655 16945 16945 E droid.bluetoot: [0913/215630.655216:ERROR:btu_task.cc(94)] do_in_main_thread: failed from pc:0x785baa2eaeb9
09-13 21:56:30.655 16945 16945 E droid.bluetoot: [0913/215630.655292:ERROR:message_loop_thread.cc(102)] DoInThreadDelayed: message loop is null for thread bt_main_thread(-1), from pc:0x785baa2eaeb9
09-13 21:56:30.655 16945 16945 E droid.bluetoot: [0913/215630.655366:ERROR:btu_task.cc(94)] do_in_main_thread: failed from pc:0x785baa2eaeb9
09-13 21:56:30.657 16945 16945 D BluetoothKeystoreService: initJni()
09-13 21:56:30.658 16945 16945 I bt_btif : system/bt/btif/src/bluetooth.cc:417 get_profile_interface: get_profile_interface: id = bluetooth_keystore
09-13 21:56:30.659 16945 16945 I bt_btif : system/bt/btif/src/bluetooth.cc:417 get_profile_interface: get_profile_interface: id = sdp
09-13 21:56:30.675 17004 17051 D EGL_emulation: eglMakeCurrent: 0x785cac0a5050: ver 2 0 (tinfo 0x785ec4975080) (first time)
09-13 21:56:30.680 16945 16945 D BluetoothDatabase: start()
09-13 21:56:30.682 16945 16945 D BluetoothDatabase: Load Database
09-13 21:56:30.683 16945 16945 I BluetoothAdapterService: Phone policy enabled
09-13 21:56:30.684   378   520 E HWComposer: getSupportedContentTypes: getSupportedContentTypes failed for display 4619827259835644672: Unsupported (8)
09-13 21:56:30.685   189   189 I hwservicemanager: getTransport: Cannot find entry android.hardware.graphics.mapper@4.0::IMapper/default in either framework or device VINTF manifest.
09-13 21:56:30.684 16945 16945 D BluetoothActiveDeviceManager: start()
09-13 21:56:30.686 17004 17051 I Gralloc4: mapper 4.x is not supported
09-13 21:56:30.687 17004 17051 D HostConnection: createUnique: call
09-13 21:56:30.688 17004 17051 D HostConnection: HostConnection::get() New Host Connection established 0x785cac0a5410, tid 17051
09-13 21:56:30.688 17004 17051 D goldfish-address-space: allocate: Ask for block of size 0x100
09-13 21:56:30.688 17004 17051 D goldfish-address-space: allocate: ioctl allocate returned offset 0x3efffe000 size 0x2000
09-13 21:56:30.690   189   189 I hwservicemanager: getTransport: Cannot find entry android.hardware.graphics.allocator@4.0::IAllocator/default in either framework or device VINTF manifest.
09-13 21:56:30.690 17004 17051 W Gralloc4: allocator 4.x is not supported
09-13 21:56:30.692   352   415 D goldfish-address-space: claimShared: Ask to claim region [0x3f0603000 0x3f0f68000]
09-13 21:56:30.698 17004 17051 D HostConnection: HostComposition ext ANDROID_EMU_CHECKSUM_HELPER_v1 ANDROID_EMU_native_sync_v2 ANDROID_EMU_native_sync_v3 ANDROID_EMU_native_sync_v4 ANDROID_EMU_dma_v1 ANDROID_EMU_direct_mem ANDROID_EMU_host_composition_v1 ANDROID_EMU_host_composition_v2 ANDROID_EMU_vulkan ANDROID_EMU_deferred_vulkan_commands ANDROID_EMU_vulkan_null_optional_strings ANDROID_EMU_vulkan_create_resources_with_requirements ANDROID_EMU_YUV_Cache ANDROID_EMU_vulkan_ignored_handles ANDROID_EMU_has_shared_slots_host_memory_allocator ANDROID_EMU_vulkan_free_memory_sync ANDROID_EMU_vulkan_shader_float16_int8 ANDROID_EMU_vulkan_async_queue_submit ANDROID_EMU_vulkan_queue_submit_with_commands ANDROID_EMU_sync_buffer_data ANDROID_EMU_read_color_buffer_dma GL_OES_vertex_array_object GL_KHR_texture_compression_astc_ldr ANDROID_EMU_host_side_tracing ANDROID_EMU_gles_max_version_2
09-13 21:56:30.699   352   415 D goldfish-address-space: claimShared: Ask to claim region [0x3f2835000 0x3f319a000]
09-13 21:56:30.701   352   415 D goldfish-address-space: claimShared: Ask to claim region [0x3f44db000 0x3f4e40000]
09-13 21:56:30.728   540   575 I ActivityTaskManager: Displayed com.example.lunchtray/androidx.fragment.app.testing.FragmentScenario$EmptyFragmentActivity: +829ms
09-13 21:56:30.761  5731  5747 I FontLog : Received query Noto Color Emoji Compat, URI content://com.google.android.gms.fonts [CONTEXT service_id=132 ]
09-13 21:56:30.761  5731  5747 I FontLog : Query [emojicompat-emoji-font] resolved to {Noto Color Emoji Compat, wdth 100.0, wght 400, ital 0.0, bestEffort false} [CONTEXT service_id=132 ]
09-13 21:56:30.763  5731  5747 I FontLog : Fetch {Noto Color Emoji Compat, wdth 100.0, wght 400, ital 0.0, bestEffort false} end status Status{statusCode=SUCCESS, resolution=null} [CONTEXT service_id=132 ]
09-13 21:56:30.830  5731  6383 I FontLog : Pulling font file for id = 22, cache size = 6 [CONTEXT service_id=132 ]
09-13 21:56:30.857 16945 17070 D BluetoothActiveDeviceManager: onAudioDevicesAdded
09-13 21:56:30.857 16945 17070 D BluetoothActiveDeviceManager: Audio device added: sdk_gphone64_x86_64 type: 2
09-13 21:56:30.857 16945 17070 D BluetoothActiveDeviceManager: Audio device added: sdk_gphone64_x86_64 type: 18
09-13 21:56:30.857 16945 17070 D BluetoothActiveDeviceManager: Audio device added: sdk_gphone64_x86_64 type: 15
09-13 21:56:30.858 16945 17070 D BluetoothActiveDeviceManager: Audio device added: sdk_gphone64_x86_64 type: 18
09-13 21:56:30.858 16945 17070 D BluetoothActiveDeviceManager: Audio device added: sdk_gphone64_x86_64 type: 25
09-13 21:56:30.858 16945 17070 D BluetoothActiveDeviceManager: Audio device added: sdk_gphone64_x86_64 type: 16
09-13 21:56:30.864 16945 16945 D BluetoothAdapterService: setAdapterService() - trying to set service to com.android.bluetooth.btservice.AdapterService@6398646
09-13 21:56:30.888  5731  6383 I FontLog : Pulling font file for id = 22, cache size = 6 [CONTEXT service_id=132 ]
09-13 21:56:30.892 16945 16945 D BluetoothAdapterService: onBind()
09-13 21:56:30.894 16945 16945 I BtGatt.JNI: classInitNative(L1073): classInitNative: Success!
09-13 21:56:30.896 17004 17004 D CompatibilityChangeReporter: Compat change id reported: 171228096; UID 10148; state: ENABLED
09-13 21:56:30.908 16945 17069 D BluetoothDatabase: compactLastConnectionTime: Compacting metadata after load
09-13 21:56:30.908 16945 17069 I BluetoothDatabase: cacheMetadata
09-13 21:56:30.908 16945 17069 V BluetoothDatabase: cacheMetadata: found device LocalStorage
09-13 21:56:30.908 16945 17069 I BluetoothDatabase: cacheMetadata: Database is ready
09-13 21:56:30.916   540   577 D BluetoothAdapter: onBluetoothServiceUp: android.bluetooth.IBluetooth$Stub$Proxy@fa0386e
09-13 21:56:30.916  2784  5725 D BluetoothAdapter: onBluetoothServiceUp: android.bluetooth.IBluetooth$Stub$Proxy@b85331
09-13 21:56:30.916 16945 16963 D BluetoothAdapter: onBluetoothServiceUp: com.android.bluetooth.btservice.AdapterService$AdapterServiceBinder@946d94
09-13 21:56:30.916   787   803 D BluetoothAdapter: onBluetoothServiceUp: android.bluetooth.IBluetooth$Stub$Proxy@1d03dfa
09-13 21:56:30.917  5731  6383 D BluetoothAdapter: onBluetoothServiceUp: android.bluetooth.IBluetooth$Stub$Proxy@d90801a
09-13 21:56:30.938   962  1214 D BluetoothAdapter: onBluetoothServiceUp: android.bluetooth.IBluetooth$Stub$Proxy@2651c7f
09-13 21:56:30.946 16945 16963 D BluetoothAdapterService: enable() - Enable called with quiet mode status =  false
09-13 21:56:30.947 16945 17056 I AdapterState: BLE_TURNING_ON : entered
09-13 21:56:30.948 16945 17056 D AdapterProperties: Setting state to BLE_TURNING_ON
09-13 21:56:30.949 16945 17056 D BluetoothAdapterService: updateAdapterState() - Broadcasting state BLE_TURNING_ON to 1 receivers.
09-13 21:56:30.963  5731 17043 I NearbyDiscovery: FastPairHandler: Received action android.bluetooth.adapter.action.BLE_STATE_CHANGED [CONTEXT service_id=49 ]
09-13 21:56:31.113   540   713 W InputManager-JNI: Input channel object '1a3ab7b Splash Screen com.example.lunchtray (client)' was disposed without first being removed with the input manager!
09-13 21:56:31.125 16945 17056 D BluetoothAdapterService: bleOnProcessStart()
09-13 21:56:31.125 16945 17056 I AdapterProperties: init(), maxConnectedAudioDevices, default=5, propertyOverlayed=5, finalValue=5
09-13 21:56:31.131 16945 17056 D BluetoothAdapterService: bleOnProcessStart() - Make Bond State Machine
09-13 21:56:31.131 16945 17056 D BluetoothBondStateMachine: make
09-13 21:56:31.132 16945 17080 I BluetoothBondStateMachine: StableState(): Entering Off State
09-13 21:56:31.136 16945 17056 I AdapterState: BLE_TURNING_ON : Unhandled message - USER_TURN_ON
09-13 21:56:31.139 16945 16945 D BtGatt.DebugUtils: handleDebugAction() action=null
09-13 21:56:31.146 16945 16945 I bt_btif : system/bt/btif/src/bluetooth.cc:417 get_profile_interface: get_profile_interface: id = gatt
09-13 21:56:31.151 16945 16945 D CompatibilityChangeReporter: Compat change id reported: 160794467; UID 1002; state: ENABLED
09-13 21:56:31.171 16945 17061 I bt_stack_manager: system/bt/btif/src/stack_manager.cc:246 event_start_up_stack: event_start_up_stack is bringing up the stack
09-13 21:56:31.171 16945 17061 I bt_core_module: system/bt/btcore/src/module.cc:85 module_start_up: module_start_up Starting module "btif_config_module"
09-13 21:56:31.171 16945 17061 I bt_core_module: system/bt/btcore/src/module.cc:90 module_start_up: module_start_up Started module "btif_config_module"
09-13 21:56:31.171 16945 17061 I bt_core_module: system/bt/btcore/src/module.cc:85 module_start_up: module_start_up Starting module "btsnoop_module"
09-13 21:56:31.171 16945 17061 I droid.bluetoot: [0913/215631.171850:INFO:btsnoop.cc(209)] start_up: Snoop Logs disabled
09-13 21:56:31.171 16945 17061 I droid.bluetoot: [0913/215631.171936:INFO:btsnoop.cc(356)] delete_btsnoop_files: Deleting snoop logs if they exist. filtered = 1
09-13 21:56:31.172 16945 17061 I droid.bluetoot: [0913/215631.172075:INFO:btsnoop.cc(356)] delete_btsnoop_files: Deleting snoop logs if they exist. filtered = 0
09-13 21:56:31.172 16945 17061 I bt_core_module: system/bt/btcore/src/module.cc:90 module_start_up: module_start_up Started module "btsnoop_module"
09-13 21:56:31.172 16945 17061 I bt_core_module: system/bt/btcore/src/module.cc:85 module_start_up: module_start_up Starting module "hci_module"
09-13 21:56:31.172 16945 17061 I bt_hci  : system/bt/hci/src/hci_layer.cc:200 hci_module_start_up: hci_module_start_up
09-13 21:56:31.172 16945 17085 I droid.bluetoot: [0913/215631.172625:INFO:message_loop_thread.cc(224)] Run: message loop starting for thread bt_hci_thread
09-13 21:56:31.173 16945 17061 I bt_hci  : system/bt/hci/src/hci_layer.cc:257 hci_module_start_up: hci_module_start_up starting async portion
09-13 21:56:31.173 16945 17085 I bt_hci  : system/bt/hci/src/hci_layer_android.cc:159 hci_initialize: hci_initialize
09-13 21:56:31.187 16945 17085 I bt_hci  : system/bt/hci/src/hci_layer_android.cc:178 hci_initialize: hci_initialize: IBluetoothHci::getService() returned 0x785ccc0aac90 (remote)
09-13 21:56:31.187   343   343 I android.hardware.bluetooth@1.1-btlinux: BluetoothHci::initialize()
09-13 21:56:31.188   343   343 I android.hardware.bluetooth@1.1-btlinux: openBtHci
09-13 21:56:31.188   343   343 E android.hardware.bluetooth@1.1-btlinux: Unable to open /dev/rfkill
09-13 21:56:31.188   343   343 I android.hardware.bluetooth@1.1-btlinux: waitHciDev
09-13 21:56:31.189   343   343 I android.hardware.bluetooth@1.1-btlinux: HCI device ready
09-13 21:56:31.191 16945 17085 I bt_hci  : system/bt/hci/src/hci_layer.cc:367 event_finish_startup: event_finish_startup
09-13 21:56:31.191 16945 17061 I bt_core_module: system/bt/btcore/src/module.cc:90 module_start_up: module_start_up Started module "hci_module"
09-13 21:56:31.194   343 17087 E android.hardware.bluetooth@1.1-service.btlinux: ThreadRoutine unable to set SCHED_FIFO for pid 343, tid 17087, error Operation not permitted
09-13 21:56:31.196 16945 17061 I bt_l2cap: system/bt/stack/l2cap/l2c_api.cc:134 L2CA_Register: L2CAP Registered service classic PSM: 0x0001
09-13 21:56:31.199 16945 17061 I bt_l2cap: system/bt/stack/l2cap/l2c_api.cc:134 L2CA_Register: L2CAP Registered service classic PSM: 0x001f
09-13 21:56:31.199 16945 17061 I bluetooth: system/bt/stack/gatt/gatt_api.cc:1019 GATT_Register: Allocated name:GattProfileDb uuid:81818181-8181-8181-8181-818181818181 gatt_if:1 eatt_support:0
09-13 21:56:31.200 16945 17061 I droid.bluetoot: [0913/215631.200221:INFO:gatt_api.cc(179)] GATTS_AddService
09-13 21:56:31.200 16945 17061 I droid.bluetoot: [0913/215631.200436:INFO:gatt_api.cc(288)] GATTS_AddService: service parsed correctly, now starting
09-13 21:56:31.200 16945 17061 I droid.bluetoot: [0913/215631.200602:INFO:gatt_sr_hash.cc(124)] gatts_calculate_database_hash: hash=80AEB10BC70DCCEFA207489DCED98FED
09-13 21:56:31.202 17004 17004 I ample.lunchtra: Waiting for a blocking GC ClassLinker
09-13 21:56:31.202 16945 17061 I bt_l2cap: system/bt/stack/l2cap/l2c_api.cc:434 L2CA_RegisterLECoc: Registered service LE COC PSM: 0x0027
09-13 21:56:31.202 16945 17061 I bt_l2cap: system/bt/stack/l2cap/l2c_api.cc:134 L2CA_Register: L2CAP Registered service classic PSM: 0x0003
09-13 21:56:31.203 16945 17061 I bluetooth: system/bt/stack/gatt/gatt_api.cc:1019 GATT_Register: Allocated name:Gap uuid:82828282-8282-8282-8282-828282828282 gatt_if:2 eatt_support:0
09-13 21:56:31.203 16945 17061 I droid.bluetoot: [0913/215631.203345:INFO:gatt_api.cc(179)] GATTS_AddService
09-13 21:56:31.203 16945 17061 I droid.bluetoot: [0913/215631.203585:INFO:gatt_api.cc(288)] GATTS_AddService: service parsed correctly, now starting
09-13 21:56:31.203 16945 17061 I droid.bluetoot: [0913/215631.203768:INFO:gatt_sr_hash.cc(124)] gatts_calculate_database_hash: hash=8991C462EBE9D90B9EA0DA3E16D0F513
09-13 21:56:31.204 16945 17061 I bt_bte  : system/bt/main/bte_logmsg.cc:248 load_levels_from_config: BTE_InitTraceLevels -- TRC_HCI : Level 2
09-13 21:56:31.204 16945 17061 I bt_bte  : system/bt/main/bte_logmsg.cc:248 load_levels_from_config: BTE_InitTraceLevels -- TRC_L2CAP : Level 2
09-13 21:56:31.204 16945 17061 I bt_bte  : system/bt/main/bte_logmsg.cc:248 load_levels_from_config: BTE_InitTraceLevels -- TRC_RFCOMM : Level 2
09-13 21:56:31.205 16945 17061 I bt_bte  : system/bt/main/bte_logmsg.cc:248 load_levels_from_config: BTE_InitTraceLevels -- TRC_AVDT : Level 2
09-13 21:56:31.205 16945 17061 I bt_bte  : system/bt/main/bte_logmsg.cc:248 load_levels_from_config: BTE_InitTraceLevels -- TRC_AVRC : Level 2
09-13 21:56:31.205 16945 17061 I bt_bte  : system/bt/main/bte_logmsg.cc:248 load_levels_from_config: BTE_InitTraceLevels -- TRC_A2D : Level 2
09-13 21:56:31.206 16945 17061 I bt_bte  : system/bt/main/bte_logmsg.cc:248 load_levels_from_config: BTE_InitTraceLevels -- TRC_BNEP : Level 2
09-13 21:56:31.206 16945 17061 I bt_bte  : system/bt/main/bte_logmsg.cc:248 load_levels_from_config: BTE_InitTraceLevels -- TRC_BTM : Level 2
09-13 21:56:31.207 16945 17061 I bt_bte  : system/bt/main/bte_logmsg.cc:248 load_levels_from_config: BTE_InitTraceLevels -- TRC_HID_HOST : Level 2
09-13 21:56:31.207 16945 17061 I bt_bte  : system/bt/main/bte_logmsg.cc:248 load_levels_from_config: BTE_InitTraceLevels -- TRC_PAN : Level 2
09-13 21:56:31.208 16945 17061 I bt_bte  : system/bt/main/bte_logmsg.cc:248 load_levels_from_config: BTE_InitTraceLevels -- TRC_SDP : Level 2
09-13 21:56:31.208 16945 17061 I bt_bte  : system/bt/main/bte_logmsg.cc:248 load_levels_from_config: BTE_InitTraceLevels -- TRC_SMP : Level 2
09-13 21:56:31.208 16945 17061 I bt_bte  : system/bt/main/bte_logmsg.cc:248 load_levels_from_config: BTE_InitTraceLevels -- TRC_HID_DEV : Level 2
09-13 21:56:31.208 16945 17061 I bt_bte  : system/bt/main/bte_logmsg.cc:248 load_levels_from_config: BTE_InitTraceLevels -- TRC_BTAPP : Level 2
09-13 21:56:31.209 16945 17061 I bt_bte  : system/bt/main/bte_logmsg.cc:248 load_levels_from_config: BTE_InitTraceLevels -- TRC_BTIF : Level 2
09-13 21:56:31.210 16945 17088 I bt_stack: [INFO:message_loop_thread.cc(224)] Run: message loop starting for thread bt_main_thread
09-13 21:56:31.211 16945 17061 I bt_core_module: system/bt/btcore/src/module.cc:85 module_start_up: module_start_up Starting module "controller_module"
09-13 21:56:31.220 17004 17015 I ample.lunchtra: Background young concurrent copying GC freed 15159(1479KB) AllocSpace objects, 1(20KB) LOS objects, 87% free, 3412KB/27MB, paused 1.854ms,699us total 125.639ms
09-13 21:56:31.221 17004 17004 I ample.lunchtra: WaitForGcToComplete blocked ClassLinker on Background for 18.547ms
09-13 21:56:31.265 17004 17004 D LifecycleMonitor: Lifecycle status change: androidx.test.core.app.InstrumentationActivityInvoker$BootstrapActivity@9b5c3b8 in: STOPPED
09-13 21:56:31.266 17004 17004 V ActivityScenario: Activity lifecycle changed event received but ignored because the intent does not match. startActivityIntent=Intent { act=android.intent.action.MAIN cat=[android.intent.category.LAUNCHER] cmp=com.example.lunchtray/androidx.fragment.app.testing.FragmentScenario$EmptyFragmentActivity (has extras) }, activity.getIntent()=Intent { act=android.intent.action.MAIN cat=[android.intent.category.LAUNCHER] flg=0x10008000 cmp=com.example.lunchtray/androidx.test.core.app.InstrumentationActivityInvoker$BootstrapActivity (has extras) }, activity=androidx.test.core.app.InstrumentationActivityInvoker$BootstrapActivity@9b5c3b8
09-13 21:56:31.326 11908 11908 I GoogleInputMethodService: GoogleInputMethodService.onFinishInput():3420
09-13 21:56:31.327 11908 11908 I GoogleInputMethodService: GoogleInputMethodService.onStartInput():2002
09-13 21:56:31.328 11908 11908 I DeviceUnlockedTag: DeviceUnlockedTag.notifyDeviceLockStatusChanged():31 Notify device unlocked.
09-13 21:56:31.345 17004 17049 D EventInjectionStrategy: Creating injection strategy with input manager.
09-13 21:56:31.345 17004 17049 W ample.lunchtra: Accessing hidden method Landroid/hardware/input/InputManager;->getInstance()Landroid/hardware/input/InputManager; (unsupported, reflection, allowed)
09-13 21:56:31.345 17004 17049 W ample.lunchtra: Accessing hidden method Landroid/hardware/input/InputManager;->injectInputEvent(Landroid/view/InputEvent;I)Z (unsupported, reflection, allowed)
09-13 21:56:31.345 17004 17049 W ample.lunchtra: Accessing hidden field Landroid/hardware/input/InputManager;->INJECT_INPUT_EVENT_MODE_WAIT_FOR_FINISH:I (unsupported, reflection, allowed)
09-13 21:56:31.379   787   861 D EGL_emulation: app_time_stats: avg=18.86ms min=1.47ms max=177.86ms count=33
09-13 21:56:31.443 17004 17049 W ample.lunchtra: Accessing hidden method Landroid/view/ViewConfiguration;->getDoubleTapMinTime()I (unsupported, reflection, allowed)
09-13 21:56:31.468 17004 17004 W ample.lunchtra: Accessing hidden method Landroid/os/MessageQueue;->next()Landroid/os/Message; (unsupported, reflection, allowed)
09-13 21:56:31.468 17004 17004 W ample.lunchtra: Accessing hidden field Landroid/os/MessageQueue;->mMessages:Landroid/os/Message; (unsupported, reflection, allowed)
09-13 21:56:31.468 17004 17004 W ample.lunchtra: Accessing hidden method Landroid/os/Message;->recycleUnchecked()V (unsupported, reflection, allowed)
09-13 21:56:31.485 16945 17061 I bt_core_module: system/bt/btcore/src/module.cc:90 module_start_up: module_start_up Started module "controller_module"
09-13 21:56:31.492 16945 17061 I bt_btm_pm: system/bt/stack/acl/btm_pm.cc:392 btm_pm_reset: reset pm
09-13 21:56:31.492 16945 17061 I btm_acl : system/bt/stack/acl/btm_acl.cc:664 check_link_policy: park not supported (settings: 0x0007)
09-13 21:56:31.492 16945 17061 I bt_btm_sec: system/bt/stack/btm/btm_sec.cc:226 BTM_SecRegister: BTM_SecRegister p_cb_info->p_le_callback == 0x0x785baa246600
09-13 21:56:31.492 16945 17061 I bt_btm_sec: system/bt/stack/btm/btm_sec.cc:241 BTM_SecRegister: BTM_SecRegister btm_cb.api.p_le_callback = 0x0x785baa246600
09-13 21:56:31.492 16945 17061 I bt_stack: [INFO:ble_advertiser_hci_interface.cc(775)] Legacy advertising will be in use
09-13 21:56:31.493 16945 17088 I bluetooth: system/bt/stack/gatt/gatt_api.cc:1019 GATT_Register: Allocated name:GattClient uuid:92fa9f52-c88b-71dd-4b7f-a929b5ed9368 gatt_if:3 eatt_support:0
09-13 21:56:31.493 16945 17066 D AdapterProperties: BT_PROPERTY_LOCAL_LE_FEATURES: update from BT controller mNumOfAdvertisementInstancesSupported = 0 mRpaOffloadSupported = false mNumOfOffloadedIrkSupported = 0 mNumOfOffloadedScanFilterSupported = 0 mOffloadedScanResultStorageBytes= 0 mIsActivityAndEnergyReporting = false mVersSupported = 0 mTotNumOfTrackableAdv = 0 mIsExtendedScanSupported = false mIsDebugLogSupported = false mIsLe2MPhySupported = false mIsLeCodedPhySupported = false mIsLeExtendedAdvertisingSupported = false mIsLePeriodicAdvertisingSupported = false mLeMaximumAdvertisingDataLength = 31 mDynamicAudioBufferSizeSupportedCodecsGroup1 = 0 mDynamicAudioBufferSizeSupportedCodecsGroup2 = 0
09-13 21:56:31.501 17004 17004 W ample.lunchtra: Accessing hidden method Landroid/view/WindowManagerGlobal;->getInstance()Landroid/view/WindowManagerGlobal; (unsupported, reflection, allowed)
09-13 21:56:31.501 17004 17004 W ample.lunchtra: Accessing hidden field Landroid/view/WindowManagerGlobal;->mViews:Ljava/util/ArrayList; (unsupported, reflection, allowed)
09-13 21:56:31.501 17004 17004 W ample.lunchtra: Accessing hidden field Landroid/view/WindowManagerGlobal;->mParams:Ljava/util/ArrayList; (unsupported, reflection, allowed)
09-13 21:56:31.515 17004 17004 I ViewInteraction: Performing 'single click' action on view view.getId() is <2131230835/com.example.lunchtray:id/bread>
09-13 21:56:31.603 16945 17088 E bt_btif_storage: system/bt/btif/src/btif_storage.cc:632 btif_storage_get_adapter_property: btif_storage_get_adapter_property: Controller ready!
09-13 21:56:31.603 16945 17088 I bt_btif_storage: system/bt/btif/src/btif_storage.cc:661 btif_storage_get_adapter_property: btif_storage_get_adapter_property service_mask:0x20000000
09-13 21:56:31.603 16945 17088 I bt_stack: [INFO:btif_bqr.cc(229)] EnableBtQualityReport: is_enable: true
09-13 21:56:31.603 16945 17088 W bt_stack: [WARNING:btif_bqr.cc(237)] EnableBtQualityReport: Bluetooth Quality Report is disabled. bqr_prop_evtmask: , bqr_prop_interval_ms:
09-13 21:56:31.604 16945 17095 I bt_osi_thread: system/bt/osi/src/thread.cc:209 run_thread: run_thread: thread id 17095, thread name btif_sock started
09-13 21:56:31.607 16945 17088 I bt_bte_conf: system/bt/main/bte_conf.cc:84 bte_load_did_conf: Device ID record 1 : primary
09-13 21:56:31.607 16945 17088 I bt_bte_conf: system/bt/main/bte_conf.cc:85 bte_load_did_conf:   vendorId            = 00e0
09-13 21:56:31.608 16945 17088 I bt_bte_conf: system/bt/main/bte_conf.cc:86 bte_load_did_conf:   vendorIdSource      = 0001
09-13 21:56:31.608 16945 17088 I bt_bte_conf: system/bt/main/bte_conf.cc:87 bte_load_did_conf:   product             = 1200
09-13 21:56:31.608 16945 17088 I bt_bte_conf: system/bt/main/bte_conf.cc:88 bte_load_did_conf:   version             = 1436
09-13 21:56:31.608 16945 17088 I bt_bte_conf: system/bt/main/bte_conf.cc:89 bte_load_did_conf:   clientExecutableURL =
09-13 21:56:31.608 16945 17088 I bt_bte_conf: system/bt/main/bte_conf.cc:90 bte_load_did_conf:   serviceDescription  =
09-13 21:56:31.608 16945 17088 I bt_bte_conf: system/bt/main/bte_conf.cc:91 bte_load_did_conf:   documentationURL    =
09-13 21:56:31.608 16945 17088 I bt_bta_dm: system/bt/bta/dm/bta_dm_act.cc:3201 bta_dm_eir_update_uuid: EIR Adding UUID=0x1200 into extended inquiry response
09-13 21:56:31.608 16945 17088 I bt_bta_dm: system/bt/bta/dm/bta_dm_act.cc:2900 bta_dm_set_eir: Generating extended inquiry response packet EIR
09-13 21:56:31.608 16945 17088 I bt_bte_conf: system/bt/main/bte_conf.cc:47 bte_load_did_conf: bte_load_did_conf no section named DID2.
09-13 21:56:31.608 16945 17088 I bt_btif_core: system/bt/btif/src/btif_core.cc:312 btif_enable_bluetooth_evt: Bluetooth enable event completed
09-13 21:56:31.608 16945 17088 I bt_bta_dm: system/bt/bta/dm/bta_dm_act.cc:2900 bta_dm_set_eir: Generating extended inquiry response packet EIR
09-13 21:56:31.610 16945 17061 I bt_stack_manager: system/bt/btif/src/stack_manager.cc:311 event_start_up_stack: event_start_up_stack finished
09-13 21:56:31.615 16945 17066 D AdapterProperties: Name is: sdk_gphone64_x86_64
09-13 21:56:31.617 16945 17066 D AdapterProperties: Scan Mode:20
09-13 21:56:31.617 16945 17066 D AdapterProperties: Discoverable Timeout:120
09-13 21:56:31.621 16945 17056 I AdapterState: BLE_ON : entered
09-13 21:56:31.621 16945 17056 D AdapterProperties: Setting state to BLE_ON
09-13 21:56:31.623 16945 17056 D BluetoothAdapterService: updateAdapterState() - Broadcasting state BLE_ON to 1 receivers.
09-13 21:56:31.626 16945 17056 I AdapterState: TURNING_ON : entered
09-13 21:56:31.626 16945 17056 D AdapterProperties: Setting state to TURNING_ON
09-13 21:56:31.628 16945 17056 D BluetoothAdapterService: updateAdapterState() - Broadcasting state TURNING_ON to 1 receivers.
09-13 21:56:31.630 16945 17056 D BluetoothAdapterService: startCoreServices()
09-13 21:56:31.637  5731 17043 I NearbyDiscovery: FastPairHandler: Received action android.bluetooth.adapter.action.BLE_STATE_CHANGED [CONTEXT service_id=49 ]
09-13 21:56:31.640  5731 17043 I NearbyDiscovery: FastPairHandler: Received action android.bluetooth.adapter.action.BLE_STATE_CHANGED [CONTEXT service_id=49 ]
09-13 21:56:31.644  9242  9242 I GsaVoiceInteractionSrv: O received Intent { act=android.bluetooth.adapter.action.STATE_CHANGED flg=0x4000010 (has extras) }
09-13 21:56:31.652 16945 17070 D BluetoothActiveDeviceManager: handleMessage(MESSAGE_ADAPTER_ACTION_STATE_CHANGED): newState=11
09-13 21:56:31.665  5731  5731 I ProximityAuth: [PhoneHubService] Bluetooth was disabled, stopping service
09-13 21:56:31.666  5731  6091 I NearbySharing: Bluetooth is disabled [CONTEXT service_id=194 ]
09-13 21:56:31.669 16945 16945 I HeadsetService: create()
09-13 21:56:31.672  5731  6091 I NearbySharing: Failed to stop scanning because weren't scanning. [CONTEXT service_id=194 ]
09-13 21:56:31.672  5731  6091 I NearbySharing: Stopping discovery because Bluetooth is disabled. [CONTEXT service_id=194 ]
09-13 21:56:31.672  5731  6091 I NearbySharing: Can't stop advertising FastInitiation. Not advertising. [CONTEXT service_id=194 ]
09-13 21:56:31.672  5731  6091 I NearbySharing: Stopping Fast Init advertisement because Bluetooth is off. [CONTEXT service_id=194 ]
09-13 21:56:31.672  5731  6091 I NearbySharing: Failed to stop advertising because we weren't advertising. [CONTEXT service_id=194 ]
09-13 21:56:31.673  5731  6091 I NearbySharing: Stopping advertising because Bluetooth is disabled. [CONTEXT service_id=194 ]
09-13 21:56:31.680 16945 16945 I HeadsetService: start()
09-13 21:56:31.687  5731 17043 I NearbyDiscovery: FastPairHandler: Received action android.bluetooth.adapter.action.STATE_CHANGED [CONTEXT service_id=49 ]
09-13 21:56:31.694  5731  6091 I NearbySharing: Can't stop scanning for FastInitiation. Not scanning. [CONTEXT service_id=194 ]
09-13 21:56:31.694  5731  6091 I NearbySharing: Cancelling in use notification [CONTEXT service_id=194 ]
09-13 21:56:31.695  5731  6091 I NearbySharing: Fast Initiation Scanning has stopped [CONTEXT service_id=194 ]
09-13 21:56:31.695  5731  6091 I NearbySharing: Stopping FastInitiation scanning because Bluetooth is disabled. [CONTEXT service_id=194 ]
09-13 21:56:31.697 16945 16945 I BluetoothHeadsetServiceJni: classInitNative: succeeds
09-13 21:56:31.698 16945 16945 I bt_btif : system/bt/btif/src/bluetooth.cc:417 get_profile_interface: get_profile_interface: id = handsfree
09-13 21:56:31.698 16945 16945 I bt_stack: [INFO:btif_hf.cc(1491)] GetInterface
09-13 21:56:31.698 16945 16945 I bt_btif_storage: system/bt/btif/src/btif_storage.cc:661 btif_storage_get_adapter_property: btif_storage_get_adapter_property service_mask:0x20000040
09-13 21:56:31.698 16945 17088 I bt_bta_dm: system/bt/bta/dm/bta_dm_act.cc:3201 bta_dm_eir_update_uuid: EIR Adding UUID=0x1112 into extended inquiry response
09-13 21:56:31.698 16945 17088 I bt_bta_dm: system/bt/bta/dm/bta_dm_act.cc:2900 bta_dm_set_eir: Generating extended inquiry response packet EIR
09-13 21:56:31.698 16945 17088 I bt_bta_dm: system/bt/bta/dm/bta_dm_act.cc:3201 bta_dm_eir_update_uuid: EIR Adding UUID=0x111F into extended inquiry response
09-13 21:56:31.698 16945 17088 I bt_bta_dm: system/bt/bta/dm/bta_dm_act.cc:2900 bta_dm_set_eir: Generating extended inquiry response packet EIR
09-13 21:56:31.698 16945 17088 I bt_stack: [INFO:port_api.cc(234)] RFCOMM_CreateConnection: bd_addr=ff:ff:ff:ff:ff:ff, scn=2, is_server=1, mtu=256, uuid=0x1112, dlci=4, signal_state=0x0b, p_port=0x785baa96d888
09-13 21:56:31.698 16945 17088 I bt_stack: [INFO:port_api.cc(234)] RFCOMM_CreateConnection: bd_addr=ff:ff:ff:ff:ff:ff, scn=3, is_server=1, mtu=256, uuid=0x111f, dlci=6, signal_state=0x0b, p_port=0x785baa96d940
09-13 21:56:31.699 16945 17088 I bt_stack: [INFO:port_api.cc(234)] RFCOMM_CreateConnection: bd_addr=ff:ff:ff:ff:ff:ff, scn=2, is_server=1, mtu=256, uuid=0x1112, dlci=4, signal_state=0x0b, p_port=0x785baa96d9f8
09-13 21:56:31.699 16945 17088 I bt_stack: [INFO:port_api.cc(234)] RFCOMM_CreateConnection: bd_addr=ff:ff:ff:ff:ff:ff, scn=3, is_server=1, mtu=256, uuid=0x111f, dlci=6, signal_state=0x0b, p_port=0x785baa96dab0
09-13 21:56:31.702 16945 17066 I bt_stack: [INFO:btif_hf.cc(289)] btif_hf_upstreams_evt: AG enable/disable event 0
09-13 21:56:31.709 16945 16945 I A2dpService: create()
09-13 21:56:31.712 16945 17096 I HeadsetPhoneState: stopListenForPhoneState(), no listener indicates nothing is listening
09-13 21:56:31.712 16945 17096 W HeadsetPhoneState: startListenForPhoneState, no event to listen
09-13 21:56:31.714 16945 16945 I A2dpService: start()
09-13 21:56:31.715 16945 17088 I bt_stack: [INFO:port_api.cc(234)] RFCOMM_CreateConnection: bd_addr=ff:ff:ff:ff:ff:ff, scn=2, is_server=1, mtu=256, uuid=0x1112, dlci=4, signal_state=0x0b, p_port=0x785baa96db68
09-13 21:56:31.715 16945 17088 I bt_stack: [INFO:port_api.cc(234)] RFCOMM_CreateConnection: bd_addr=ff:ff:ff:ff:ff:ff, scn=3, is_server=1, mtu=256, uuid=0x111f, dlci=6, signal_state=0x0b, p_port=0x785baa96dc20
09-13 21:56:31.715 16945 16945 I BluetoothA2dpServiceJni: classInitNative: succeeds
09-13 21:56:31.715 16945 17088 I bt_stack: [INFO:port_api.cc(234)] RFCOMM_CreateConnection: bd_addr=ff:ff:ff:ff:ff:ff, scn=2, is_server=1, mtu=256, uuid=0x1112, dlci=4, signal_state=0x0b, p_port=0x785baa96dcd8
09-13 21:56:31.715 16945 17088 I bt_stack: [INFO:port_api.cc(234)] RFCOMM_CreateConnection: bd_addr=ff:ff:ff:ff:ff:ff, scn=3, is_server=1, mtu=256, uuid=0x111f, dlci=6, signal_state=0x0b, p_port=0x785baa96dd90
09-13 21:56:31.715 16945 17088 I bt_stack: [INFO:port_api.cc(234)] RFCOMM_CreateConnection: bd_addr=ff:ff:ff:ff:ff:ff, scn=2, is_server=1, mtu=256, uuid=0x1112, dlci=4, signal_state=0x0b, p_port=0x785baa96de48
09-13 21:56:31.715 16945 16945 I A2dpService: Max connected audio devices set to 5
09-13 21:56:31.716 16945 17088 I bt_stack: [INFO:port_api.cc(234)] RFCOMM_CreateConnection: bd_addr=ff:ff:ff:ff:ff:ff, scn=3, is_server=1, mtu=256, uuid=0x111f, dlci=6, signal_state=0x0b, p_port=0x785baa96df00
09-13 21:56:31.716 16945 17088 I bt_stack: [INFO:port_api.cc(234)] RFCOMM_CreateConnection: bd_addr=ff:ff:ff:ff:ff:ff, scn=2, is_server=1, mtu=256, uuid=0x1112, dlci=4, signal_state=0x0b, p_port=0x785baa96dfb8
09-13 21:56:31.716 16945 17088 I bt_stack: [INFO:port_api.cc(234)] RFCOMM_CreateConnection: bd_addr=ff:ff:ff:ff:ff:ff, scn=3, is_server=1, mtu=256, uuid=0x111f, dlci=6, signal_state=0x0b, p_port=0x785baa96e070
09-13 21:56:31.742 16945 16945 I bt_btif : system/bt/btif/src/bluetooth.cc:417 get_profile_interface: get_profile_interface: id = a2dp
09-13 21:56:31.742 16945 16945 I btif_av : system/bt/btif/src/btif_av.cc:965 Init: bt_status_t BtifAvSource::Init(btav_source_callbacks_t *, int, const std::vector<btav_a2dp_codec_config_t> &, const std::vector<btav_a2dp_codec_config_t> &): max_connected_audio_devices=5
09-13 21:56:31.742 16945 16945 I a2dp_codec: system/bt/stack/a2dp/a2dp_codec_config.cc:569 init: init
09-13 21:56:31.742 16945 16945 I a2dp_codec: system/bt/stack/a2dp/a2dp_codec_config.cc:113 createCodec: createCodec: codec SBC
09-13 21:56:31.742 16945 16945 I a2dp_codec: system/bt/stack/a2dp/a2dp_codec_config.cc:633 init: init: updated SBC codec priority to 1001
09-13 21:56:31.742 16945 16945 I a2dp_codec: system/bt/stack/a2dp/a2dp_codec_config.cc:113 createCodec: createCodec: codec AAC
09-13 21:56:31.742 16945 16945 I a2dp_codec: system/bt/stack/a2dp/a2dp_codec_config.cc:633 init: init: updated AAC codec priority to 2001
09-13 21:56:31.750 16945 16945 I a2dp_codec: system/bt/stack/a2dp/a2dp_codec_config.cc:113 createCodec: createCodec: codec aptX
09-13 21:56:31.750  5731  6091 I NearbyMediums: BluetoothAdapter's name was not set by Nearby Connections, ignoring call to restore device name [CONTEXT service_id=54 ]
09-13 21:56:31.750 16945 16945 E a2dp_vendor_aptx_encoder: system/bt/stack/a2dp/a2dp_vendor_aptx_encoder.cc:123 A2DP_VendorLoadEncoderAptx: A2DP_VendorLoadEncoderAptx: cannot open aptX encoder library libaptX_encoder.so: dlopen failed: library "libaptX_encoder.so" not found
09-13 21:56:31.751 16945 16945 E a2dp_vendor_aptx: system/bt/stack/a2dp/a2dp_vendor_aptx.cc:465 init: init: cannot load the encoder
09-13 21:56:31.751 16945 16945 I a2dp_codec: system/bt/stack/a2dp/a2dp_codec_config.cc:113 createCodec: createCodec: codec aptX-HD
09-13 21:56:31.752  5731  5731 I NearbyDiscovery: FastPair: onAdapterStateChange: state=11 [CONTEXT service_id=49 ]
09-13 21:56:31.753 16945 16945 E a2dp_vendor_aptx_hd_encoder: system/bt/stack/a2dp/a2dp_vendor_aptx_hd_encoder.cc:123 A2DP_VendorLoadEncoderAptxHd: A2DP_VendorLoadEncoderAptxHd: cannot open aptX-HD encoder library libaptXHD_encoder.so: dlopen failed: library "libaptXHD_encoder.so" not found
09-13 21:56:31.753 16945 16945 E a2dp_vendor_aptx_hd: system/bt/stack/a2dp/a2dp_vendor_aptx_hd.cc:483 init: init: cannot load the encoder
09-13 21:56:31.753 16945 16945 I a2dp_codec: system/bt/stack/a2dp/a2dp_codec_config.cc:113 createCodec: createCodec: codec LDAC
09-13 21:56:31.754 16945 16945 I a2dp_codec: system/bt/stack/a2dp/a2dp_codec_config.cc:633 init: init: updated LDAC codec priority to 5001
09-13 21:56:31.754 16945 16945 I a2dp_codec: system/bt/stack/a2dp/a2dp_codec_config.cc:113 createCodec: createCodec: codec SBC SINK
09-13 21:56:31.756 16945 16945 I a2dp_codec: system/bt/stack/a2dp/a2dp_codec_config.cc:113 createCodec: createCodec: codec AAC SINK
09-13 21:56:31.756 16945 16945 I a2dp_codec: system/bt/stack/a2dp/a2dp_codec_config.cc:113 createCodec: createCodec: codec LDAC SINK
09-13 21:56:31.756 16945 16945 E a2dp_vendor_ldac_decoder: system/bt/stack/a2dp/a2dp_vendor_ldac_decoder.cc:134 A2DP_VendorLoadDecoderLdac: A2DP_VendorLoadDecoderLdac: cannot open LDAC decoder library libldacBT_bco.so: dlopen failed: library "libldacBT_bco.so" not found
09-13 21:56:31.756 16945 16945 E a2dp_vendor_ldac: system/bt/stack/a2dp/a2dp_vendor_ldac.cc:1418 init: init: cannot load the decoder
09-13 21:56:31.756 16945 16945 I a2dp_codec: system/bt/stack/a2dp/a2dp_codec_config.cc:658 init: init: initialized Source codec LDAC
09-13 21:56:31.756 16945 16945 I a2dp_codec: system/bt/stack/a2dp/a2dp_codec_config.cc:658 init: init: initialized Source codec AAC
09-13 21:56:31.756 16945 16945 I a2dp_codec: system/bt/stack/a2dp/a2dp_codec_config.cc:658 init: init: initialized Source codec SBC
09-13 21:56:31.756 16945 16945 I a2dp_codec: system/bt/stack/a2dp/a2dp_codec_config.cc:665 init: init: initialized Sink codec AAC SINK
09-13 21:56:31.757 16945 16945 I a2dp_codec: system/bt/stack/a2dp/a2dp_codec_config.cc:665 init: init: initialized Sink codec SBC SINK
09-13 21:56:31.757 16945 16945 I a2dp_codec: system/bt/stack/a2dp/a2dp_codec_config.cc:569 init: init
09-13 21:56:31.757 16945 16945 I a2dp_codec: system/bt/stack/a2dp/a2dp_codec_config.cc:113 createCodec: createCodec: codec SBC
09-13 21:56:31.757 16945 16945 I a2dp_codec: system/bt/stack/a2dp/a2dp_codec_config.cc:633 init: init: updated SBC codec priority to 1001
09-13 21:56:31.757 16945 16945 I a2dp_codec: system/bt/stack/a2dp/a2dp_codec_config.cc:113 createCodec: createCodec: codec AAC
09-13 21:56:31.757 16945 16945 I a2dp_codec: system/bt/stack/a2dp/a2dp_codec_config.cc:633 init: init: updated AAC codec priority to 2001
09-13 21:56:31.757 16945 16945 I a2dp_codec: system/bt/stack/a2dp/a2dp_codec_config.cc:113 createCodec: createCodec: codec aptX
09-13 21:56:31.757 16945 16945 E a2dp_vendor_aptx_encoder: system/bt/stack/a2dp/a2dp_vendor_aptx_encoder.cc:123 A2DP_VendorLoadEncoderAptx: A2DP_VendorLoadEncoderAptx: cannot open aptX encoder library libaptX_encoder.so: dlopen failed: library "libaptX_encoder.so" not found
09-13 21:56:31.758 16945 16945 E a2dp_vendor_aptx: system/bt/stack/a2dp/a2dp_vendor_aptx.cc:465 init: init: cannot load the encoder
09-13 21:56:31.758 16945 16945 I a2dp_codec: system/bt/stack/a2dp/a2dp_codec_config.cc:113 createCodec: createCodec: codec aptX-HD
