09-13 21:56:31.758 16945 16945 E a2dp_vendor_aptx_hd_encoder: system/bt/stack/a2dp/a2dp_vendor_aptx_hd_encoder.cc:123 A2DP_VendorLoadEncoderAptxHd: A2DP_VendorLoadEncoderAptxHd: cannot open aptX-HD encoder library libaptXHD_encoder.so: dlopen failed: library "libaptXHD_encoder.so" not found
09-13 21:56:31.758 16945 16945 E a2dp_vendor_aptx_hd: system/bt/stack/a2dp/a2dp_vendor_aptx_hd.cc:483 init: init: cannot load the encoder
09-13 21:56:31.758 16945 16945 I a2dp_codec: system/bt/stack/a2dp/a2dp_codec_config.cc:113 createCodec: createCodec: codec LDAC
09-13 21:56:31.758 16945 16945 I a2dp_codec: system/bt/stack/a2dp/a2dp_codec_config.cc:633 init: init: updated LDAC codec priority to 5001
09-13 21:56:31.758 16945 16945 I a2dp_codec: system/bt/stack/a2dp/a2dp_codec_config.cc:113 createCodec: createCodec: codec SBC SINK
09-13 21:56:31.758 16945 16945 I a2dp_codec: system/bt/stack/a2dp/a2dp_codec_config.cc:113 createCodec: createCodec: codec AAC SINK
09-13 21:56:31.758 16945 16945 I a2dp_codec: system/bt/stack/a2dp/a2dp_codec_config.cc:113 createCodec: createCodec: codec LDAC SINK
09-13 21:56:31.759 16945 16945 E a2dp_vendor_ldac_decoder: system/bt/stack/a2dp/a2dp_vendor_ldac_decoder.cc:134 A2DP_VendorLoadDecoderLdac: A2DP_VendorLoadDecoderLdac: cannot open LDAC decoder library libldacBT_bco.so: dlopen failed: library "libldacBT_bco.so" not found
09-13 21:56:31.759 16945 16945 E a2dp_vendor_ldac: system/bt/stack/a2dp/a2dp_vendor_ldac.cc:1418 init: init: cannot load the decoder
09-13 21:56:31.759 16945 16945 I a2dp_codec: system/bt/stack/a2dp/a2dp_codec_config.cc:658 init: init: initialized Source codec LDAC
09-13 21:56:31.759 16945 16945 I a2dp_codec: system/bt/stack/a2dp/a2dp_codec_config.cc:658 init: init: initialized Source codec AAC
09-13 21:56:31.759 16945 16945 I a2dp_codec: system/bt/stack/a2dp/a2dp_codec_config.cc:658 init: init: initialized Source codec SBC
09-13 21:56:31.759 16945 16945 I a2dp_codec: system/bt/stack/a2dp/a2dp_codec_config.cc:665 init: init: initialized Sink codec AAC SINK
09-13 21:56:31.760 16945 16945 I a2dp_codec: system/bt/stack/a2dp/a2dp_codec_config.cc:665 init: init: initialized Sink codec SBC SINK
09-13 21:56:31.760 16945 16945 I a2dp_codec: system/bt/stack/a2dp/a2dp_codec_config.cc:569 init: init
09-13 21:56:31.760  5731 17043 I NearbyDiscovery: FastPairHandler: Received action android.bluetooth.adapter.action.STATE_CHANGED [CONTEXT service_id=49 ]
09-13 21:56:31.760 16945 16945 I a2dp_codec: system/bt/stack/a2dp/a2dp_codec_config.cc:113 createCodec: createCodec: codec SBC
09-13 21:56:31.760 16945 16945 I a2dp_codec: system/bt/stack/a2dp/a2dp_codec_config.cc:633 init: init: updated SBC codec priority to 1001
09-13 21:56:31.760 16945 16945 I a2dp_codec: system/bt/stack/a2dp/a2dp_codec_config.cc:113 createCodec: createCodec: codec AAC
09-13 21:56:31.760 16945 16945 I a2dp_codec: system/bt/stack/a2dp/a2dp_codec_config.cc:633 init: init: updated AAC codec priority to 2001
09-13 21:56:31.760 16945 16945 I a2dp_codec: system/bt/stack/a2dp/a2dp_codec_config.cc:113 createCodec: createCodec: codec aptX
09-13 21:56:31.760 16945 16945 E a2dp_vendor_aptx_encoder: system/bt/stack/a2dp/a2dp_vendor_aptx_encoder.cc:123 A2DP_VendorLoadEncoderAptx: A2DP_VendorLoadEncoderAptx: cannot open aptX encoder library libaptX_encoder.so: dlopen failed: library "libaptX_encoder.so" not found
09-13 21:56:31.761 16945 16945 E a2dp_vendor_aptx: system/bt/stack/a2dp/a2dp_vendor_aptx.cc:465 init: init: cannot load the encoder
09-13 21:56:31.761 16945 16945 I a2dp_codec: system/bt/stack/a2dp/a2dp_codec_config.cc:113 createCodec: createCodec: codec aptX-HD
09-13 21:56:31.761 16945 16945 E a2dp_vendor_aptx_hd_encoder: system/bt/stack/a2dp/a2dp_vendor_aptx_hd_encoder.cc:123 A2DP_VendorLoadEncoderAptxHd: A2DP_VendorLoadEncoderAptxHd: cannot open aptX-HD encoder library libaptXHD_encoder.so: dlopen failed: library "libaptXHD_encoder.so" not found
09-13 21:56:31.761 16945 16945 E a2dp_vendor_aptx_hd: system/bt/stack/a2dp/a2dp_vendor_aptx_hd.cc:483 init: init: cannot load the encoder
09-13 21:56:31.761 16945 16945 I a2dp_codec: system/bt/stack/a2dp/a2dp_codec_config.cc:113 createCodec: createCodec: codec LDAC
09-13 21:56:31.761 16945 16945 I a2dp_codec: system/bt/stack/a2dp/a2dp_codec_config.cc:633 init: init: updated LDAC codec priority to 5001
09-13 21:56:31.761 16945 16945 I a2dp_codec: system/bt/stack/a2dp/a2dp_codec_config.cc:113 createCodec: createCodec: codec SBC SINK
09-13 21:56:31.761 16945 16945 I a2dp_codec: system/bt/stack/a2dp/a2dp_codec_config.cc:113 createCodec: createCodec: codec AAC SINK
09-13 21:56:31.761 16945 16945 I a2dp_codec: system/bt/stack/a2dp/a2dp_codec_config.cc:113 createCodec: createCodec: codec LDAC SINK
09-13 21:56:31.762 16945 16945 E a2dp_vendor_ldac_decoder: system/bt/stack/a2dp/a2dp_vendor_ldac_decoder.cc:134 A2DP_VendorLoadDecoderLdac: A2DP_VendorLoadDecoderLdac: cannot open LDAC decoder library libldacBT_bco.so: dlopen failed: library "libldacBT_bco.so" not found
09-13 21:56:31.762 16945 16945 E a2dp_vendor_ldac: system/bt/stack/a2dp/a2dp_vendor_ldac.cc:1418 init: init: cannot load the decoder
09-13 21:56:31.762 16945 16945 I a2dp_codec: system/bt/stack/a2dp/a2dp_codec_config.cc:658 init: init: initialized Source codec LDAC
09-13 21:56:31.762 16945 16945 I a2dp_codec: system/bt/stack/a2dp/a2dp_codec_config.cc:658 init: init: initialized Source codec AAC
09-13 21:56:31.762 16945 16945 I a2dp_codec: system/bt/stack/a2dp/a2dp_codec_config.cc:658 init: init: initialized Source codec SBC
09-13 21:56:31.762 16945 16945 I a2dp_codec: system/bt/stack/a2dp/a2dp_codec_config.cc:665 init: init: initialized Sink codec AAC SINK
09-13 21:56:31.762 16945 16945 I a2dp_codec: system/bt/stack/a2dp/a2dp_codec_config.cc:665 init: init: initialized Sink codec SBC SINK
09-13 21:56:31.762 16945 16945 I a2dp_codec: system/bt/stack/a2dp/a2dp_codec_config.cc:569 init: init
09-13 21:56:31.762 16945 16945 I a2dp_codec: system/bt/stack/a2dp/a2dp_codec_config.cc:113 createCodec: createCodec: codec SBC
09-13 21:56:31.762 16945 16945 I a2dp_codec: system/bt/stack/a2dp/a2dp_codec_config.cc:633 init: init: updated SBC codec priority to 1001
09-13 21:56:31.762 16945 16945 I a2dp_codec: system/bt/stack/a2dp/a2dp_codec_config.cc:113 createCodec: createCodec: codec AAC
09-13 21:56:31.762 16945 16945 I a2dp_codec: system/bt/stack/a2dp/a2dp_codec_config.cc:633 init: init: updated AAC codec priority to 2001
09-13 21:56:31.762 16945 16945 I a2dp_codec: system/bt/stack/a2dp/a2dp_codec_config.cc:113 createCodec: createCodec: codec aptX
09-13 21:56:31.763 16945 16945 E a2dp_vendor_aptx_encoder: system/bt/stack/a2dp/a2dp_vendor_aptx_encoder.cc:123 A2DP_VendorLoadEncoderAptx: A2DP_VendorLoadEncoderAptx: cannot open aptX encoder library libaptX_encoder.so: dlopen failed: library "libaptX_encoder.so" not found
09-13 21:56:31.763 16945 16945 E a2dp_vendor_aptx: system/bt/stack/a2dp/a2dp_vendor_aptx.cc:465 init: init: cannot load the encoder
09-13 21:56:31.763 16945 16945 I a2dp_codec: system/bt/stack/a2dp/a2dp_codec_config.cc:113 createCodec: createCodec: codec aptX-HD
09-13 21:56:31.763 16945 16945 E a2dp_vendor_aptx_hd_encoder: system/bt/stack/a2dp/a2dp_vendor_aptx_hd_encoder.cc:123 A2DP_VendorLoadEncoderAptxHd: A2DP_VendorLoadEncoderAptxHd: cannot open aptX-HD encoder library libaptXHD_encoder.so: dlopen failed: library "libaptXHD_encoder.so" not found
09-13 21:56:31.763 16945 16945 E a2dp_vendor_aptx_hd: system/bt/stack/a2dp/a2dp_vendor_aptx_hd.cc:483 init: init: cannot load the encoder
09-13 21:56:31.763 16945 16945 I a2dp_codec: system/bt/stack/a2dp/a2dp_codec_config.cc:113 createCodec: createCodec: codec LDAC
09-13 21:56:31.764 16945 16945 I a2dp_codec: system/bt/stack/a2dp/a2dp_codec_config.cc:633 init: init: updated LDAC codec priority to 5001
09-13 21:56:31.764 16945 16945 I a2dp_codec: system/bt/stack/a2dp/a2dp_codec_config.cc:113 createCodec: createCodec: codec SBC SINK
09-13 21:56:31.764 16945 16945 I a2dp_codec: system/bt/stack/a2dp/a2dp_codec_config.cc:113 createCodec: createCodec: codec AAC SINK
09-13 21:56:31.764 16945 16945 I a2dp_codec: system/bt/stack/a2dp/a2dp_codec_config.cc:113 createCodec: createCodec: codec LDAC SINK
09-13 21:56:31.764 16945 16945 E a2dp_vendor_ldac_decoder: system/bt/stack/a2dp/a2dp_vendor_ldac_decoder.cc:134 A2DP_VendorLoadDecoderLdac: A2DP_VendorLoadDecoderLdac: cannot open LDAC decoder library libldacBT_bco.so: dlopen failed: library "libldacBT_bco.so" not found
09-13 21:56:31.764 16945 16945 E a2dp_vendor_ldac: system/bt/stack/a2dp/a2dp_vendor_ldac.cc:1418 init: init: cannot load the decoder
09-13 21:56:31.764 16945 16945 I a2dp_codec: system/bt/stack/a2dp/a2dp_codec_config.cc:658 init: init: initialized Source codec LDAC
09-13 21:56:31.764 16945 16945 I a2dp_codec: system/bt/stack/a2dp/a2dp_codec_config.cc:658 init: init: initialized Source codec AAC
09-13 21:56:31.764 16945 16945 I a2dp_codec: system/bt/stack/a2dp/a2dp_codec_config.cc:658 init: init: initialized Source codec SBC
09-13 21:56:31.764 16945 16945 I a2dp_codec: system/bt/stack/a2dp/a2dp_codec_config.cc:665 init: init: initialized Sink codec AAC SINK
09-13 21:56:31.765 16945 16945 I a2dp_codec: system/bt/stack/a2dp/a2dp_codec_config.cc:665 init: init: initialized Sink codec SBC SINK
09-13 21:56:31.765 16945 16945 I a2dp_codec: system/bt/stack/a2dp/a2dp_codec_config.cc:569 init: init
09-13 21:56:31.765 16945 16945 I a2dp_codec: system/bt/stack/a2dp/a2dp_codec_config.cc:113 createCodec: createCodec: codec SBC
09-13 21:56:31.765 16945 16945 I a2dp_codec: system/bt/stack/a2dp/a2dp_codec_config.cc:633 init: init: updated SBC codec priority to 1001
09-13 21:56:31.765 16945 16945 I a2dp_codec: system/bt/stack/a2dp/a2dp_codec_config.cc:113 createCodec: createCodec: codec AAC
09-13 21:56:31.765 16945 16945 I a2dp_codec: system/bt/stack/a2dp/a2dp_codec_config.cc:633 init: init: updated AAC codec priority to 2001
09-13 21:56:31.765 16945 16945 I a2dp_codec: system/bt/stack/a2dp/a2dp_codec_config.cc:113 createCodec: createCodec: codec aptX
09-13 21:56:31.765 16945 16945 E a2dp_vendor_aptx_encoder: system/bt/stack/a2dp/a2dp_vendor_aptx_encoder.cc:123 A2DP_VendorLoadEncoderAptx: A2DP_VendorLoadEncoderAptx: cannot open aptX encoder library libaptX_encoder.so: dlopen failed: library "libaptX_encoder.so" not found
09-13 21:56:31.765 16945 16945 E a2dp_vendor_aptx: system/bt/stack/a2dp/a2dp_vendor_aptx.cc:465 init: init: cannot load the encoder
09-13 21:56:31.765 16945 16945 I a2dp_codec: system/bt/stack/a2dp/a2dp_codec_config.cc:113 createCodec: createCodec: codec aptX-HD
09-13 21:56:31.765 16945 16945 E a2dp_vendor_aptx_hd_encoder: system/bt/stack/a2dp/a2dp_vendor_aptx_hd_encoder.cc:123 A2DP_VendorLoadEncoderAptxHd: A2DP_VendorLoadEncoderAptxHd: cannot open aptX-HD encoder library libaptXHD_encoder.so: dlopen failed: library "libaptXHD_encoder.so" not found
09-13 21:56:31.765 16945 16945 E a2dp_vendor_aptx_hd: system/bt/stack/a2dp/a2dp_vendor_aptx_hd.cc:483 init: init: cannot load the encoder
09-13 21:56:31.765 16945 16945 I a2dp_codec: system/bt/stack/a2dp/a2dp_codec_config.cc:113 createCodec: createCodec: codec LDAC
09-13 21:56:31.765 16945 16945 I a2dp_codec: system/bt/stack/a2dp/a2dp_codec_config.cc:633 init: init: updated LDAC codec priority to 5001
09-13 21:56:31.765 16945 16945 I a2dp_codec: system/bt/stack/a2dp/a2dp_codec_config.cc:113 createCodec: createCodec: codec SBC SINK
09-13 21:56:31.765 16945 16945 I a2dp_codec: system/bt/stack/a2dp/a2dp_codec_config.cc:113 createCodec: createCodec: codec AAC SINK
09-13 21:56:31.765 16945 16945 I a2dp_codec: system/bt/stack/a2dp/a2dp_codec_config.cc:113 createCodec: createCodec: codec LDAC SINK
09-13 21:56:31.766 16945 16945 E a2dp_vendor_ldac_decoder: system/bt/stack/a2dp/a2dp_vendor_ldac_decoder.cc:134 A2DP_VendorLoadDecoderLdac: A2DP_VendorLoadDecoderLdac: cannot open LDAC decoder library libldacBT_bco.so: dlopen failed: library "libldacBT_bco.so" not found
09-13 21:56:31.766 16945 16945 E a2dp_vendor_ldac: system/bt/stack/a2dp/a2dp_vendor_ldac.cc:1418 init: init: cannot load the decoder
09-13 21:56:31.766 16945 16945 I a2dp_codec: system/bt/stack/a2dp/a2dp_codec_config.cc:658 init: init: initialized Source codec LDAC
09-13 21:56:31.766 16945 16945 I a2dp_codec: system/bt/stack/a2dp/a2dp_codec_config.cc:658 init: init: initialized Source codec AAC
09-13 21:56:31.767 16945 16945 I a2dp_codec: system/bt/stack/a2dp/a2dp_codec_config.cc:658 init: init: initialized Source codec SBC
09-13 21:56:31.767 16945 16945 I a2dp_codec: system/bt/stack/a2dp/a2dp_codec_config.cc:665 init: init: initialized Sink codec AAC SINK
09-13 21:56:31.767 16945 16945 I a2dp_codec: system/bt/stack/a2dp/a2dp_codec_config.cc:665 init: init: initialized Sink codec SBC SINK
09-13 21:56:31.767 16945 16945 I a2dp_codec: system/bt/stack/a2dp/a2dp_codec_config.cc:569 init: init
09-13 21:56:31.767 16945 16945 I a2dp_codec: system/bt/stack/a2dp/a2dp_codec_config.cc:113 createCodec: createCodec: codec SBC
09-13 21:56:31.767 16945 16945 I a2dp_codec: system/bt/stack/a2dp/a2dp_codec_config.cc:633 init: init: updated SBC codec priority to 1001
09-13 21:56:31.767 16945 16945 I a2dp_codec: system/bt/stack/a2dp/a2dp_codec_config.cc:113 createCodec: createCodec: codec AAC
09-13 21:56:31.767 16945 16945 I a2dp_codec: system/bt/stack/a2dp/a2dp_codec_config.cc:633 init: init: updated AAC codec priority to 2001
09-13 21:56:31.767 16945 16945 I a2dp_codec: system/bt/stack/a2dp/a2dp_codec_config.cc:113 createCodec: createCodec: codec aptX
09-13 21:56:31.767 16945 16945 E a2dp_vendor_aptx_encoder: system/bt/stack/a2dp/a2dp_vendor_aptx_encoder.cc:123 A2DP_VendorLoadEncoderAptx: A2DP_VendorLoadEncoderAptx: cannot open aptX encoder library libaptX_encoder.so: dlopen failed: library "libaptX_encoder.so" not found
09-13 21:56:31.767 16945 16945 E a2dp_vendor_aptx: system/bt/stack/a2dp/a2dp_vendor_aptx.cc:465 init: init: cannot load the encoder
09-13 21:56:31.767 16945 16945 I a2dp_codec: system/bt/stack/a2dp/a2dp_codec_config.cc:113 createCodec: createCodec: codec aptX-HD
09-13 21:56:31.768 16945 16945 E a2dp_vendor_aptx_hd_encoder: system/bt/stack/a2dp/a2dp_vendor_aptx_hd_encoder.cc:123 A2DP_VendorLoadEncoderAptxHd: A2DP_VendorLoadEncoderAptxHd: cannot open aptX-HD encoder library libaptXHD_encoder.so: dlopen failed: library "libaptXHD_encoder.so" not found
09-13 21:56:31.768 16945 16945 E a2dp_vendor_aptx_hd: system/bt/stack/a2dp/a2dp_vendor_aptx_hd.cc:483 init: init: cannot load the encoder
09-13 21:56:31.768 16945 16945 I a2dp_codec: system/bt/stack/a2dp/a2dp_codec_config.cc:113 createCodec: createCodec: codec LDAC
09-13 21:56:31.768 16945 16945 I a2dp_codec: system/bt/stack/a2dp/a2dp_codec_config.cc:633 init: init: updated LDAC codec priority to 5001
09-13 21:56:31.768 16945 16945 I a2dp_codec: system/bt/stack/a2dp/a2dp_codec_config.cc:113 createCodec: createCodec: codec SBC SINK
09-13 21:56:31.768 16945 16945 I a2dp_codec: system/bt/stack/a2dp/a2dp_codec_config.cc:113 createCodec: createCodec: codec AAC SINK
09-13 21:56:31.768 16945 16945 I a2dp_codec: system/bt/stack/a2dp/a2dp_codec_config.cc:113 createCodec: createCodec: codec LDAC SINK
09-13 21:56:31.769 16945 16945 E a2dp_vendor_ldac_decoder: system/bt/stack/a2dp/a2dp_vendor_ldac_decoder.cc:134 A2DP_VendorLoadDecoderLdac: A2DP_VendorLoadDecoderLdac: cannot open LDAC decoder library libldacBT_bco.so: dlopen failed: library "libldacBT_bco.so" not found
09-13 21:56:31.769 16945 16945 E a2dp_vendor_ldac: system/bt/stack/a2dp/a2dp_vendor_ldac.cc:1418 init: init: cannot load the decoder
09-13 21:56:31.770 16945 16945 I a2dp_codec: system/bt/stack/a2dp/a2dp_codec_config.cc:658 init: init: initialized Source codec LDAC
09-13 21:56:31.770 16945 16945 I a2dp_codec: system/bt/stack/a2dp/a2dp_codec_config.cc:658 init: init: initialized Source codec AAC
09-13 21:56:31.770 16945 16945 I a2dp_codec: system/bt/stack/a2dp/a2dp_codec_config.cc:658 init: init: initialized Source codec SBC
09-13 21:56:31.770 16945 16945 I a2dp_codec: system/bt/stack/a2dp/a2dp_codec_config.cc:665 init: init: initialized Sink codec AAC SINK
09-13 21:56:31.770 16945 16945 I a2dp_codec: system/bt/stack/a2dp/a2dp_codec_config.cc:665 init: init: initialized Sink codec SBC SINK
09-13 21:56:31.770 16945 16945 I bt_btif_a2dp_source: system/bt/btif/src/btif_a2dp_source.cc:325 btif_a2dp_source_init: btif_a2dp_source_init
09-13 21:56:31.770 16945 17100 I bt_stack: [INFO:message_loop_thread.cc(224)] Run: message loop starting for thread bt_a2dp_source_worker_thread
09-13 21:56:31.770 16945 16945 I bt_btif_storage: system/bt/btif/src/btif_storage.cc:661 btif_storage_get_adapter_property: btif_storage_get_adapter_property service_mask:0x20000048
09-13 21:56:31.770 16945 16945 D A2dpService: A2DP offload flag set to false
09-13 21:56:31.770 16945 17088 I bt_bta_av: system/bt/bta/av/bta_av_main.cc:418 bta_av_api_register: bta_av_api_register: AVRCP version used for sdp: "avrcp15"
09-13 21:56:31.770 16945 17088 I bt_l2cap: system/bt/stack/l2cap/l2c_api.cc:134 L2CA_Register: L2CAP Registered service classic PSM: 0x0019
09-13 21:56:31.771 16945 17088 I bt_l2cap: system/bt/stack/l2cap/l2c_api.cc:134 L2CA_Register: L2CAP Registered service classic PSM: 0x0017
09-13 21:56:31.771 16945 17088 I bt_l2cap: system/bt/stack/l2cap/l2c_api.cc:134 L2CA_Register: L2CAP Registered service classic PSM: 0x001b
09-13 21:56:31.771 16945 17088 I bt_bta_dm: system/bt/bta/dm/bta_dm_act.cc:3201 bta_dm_eir_update_uuid: EIR Adding UUID=0x110A into extended inquiry response
09-13 21:56:31.771 16945 17088 I bt_bta_dm: system/bt/bta/dm/bta_dm_act.cc:2900 bta_dm_set_eir: Generating extended inquiry response packet EIR
09-13 21:56:31.771 16945 17088 I bt_bta_av: system/bt/bta/av/bta_av_act.cc:304 bta_av_rc_create: Skipping RC creation for the old AVRCP profile
09-13 21:56:31.771 16945 17088 I bt_bta_dm: system/bt/bta/dm/bta_dm_act.cc:3201 bta_dm_eir_update_uuid: EIR Adding UUID=0x110E into extended inquiry response
09-13 21:56:31.771 16945 17088 I bt_bta_dm: system/bt/bta/dm/bta_dm_act.cc:2900 bta_dm_set_eir: Generating extended inquiry response packet EIR
09-13 21:56:31.771 16945 17088 I bt_bta_av: system/bt/bta/av/bta_av_main.cc:418 bta_av_api_register: bta_av_api_register: AVRCP version used for sdp: "avrcp15"
09-13 21:56:31.771 16945 17088 I bt_bta_av: system/bt/bta/av/bta_av_main.cc:418 bta_av_api_register: bta_av_api_register: AVRCP version used for sdp: "avrcp15"
09-13 21:56:31.771 16945 17088 I bt_bta_av: system/bt/bta/av/bta_av_main.cc:418 bta_av_api_register: bta_av_api_register: AVRCP version used for sdp: "avrcp15"
09-13 21:56:31.771 16945 17088 I bt_bta_av: system/bt/bta/av/bta_av_main.cc:418 bta_av_api_register: bta_av_api_register: AVRCP version used for sdp: "avrcp15"
09-13 21:56:31.771 16945 17100 I bt_btif_a2dp_source: system/bt/btif/src/btif_a2dp_source.cc:335 btif_a2dp_source_init_delayed: btif_a2dp_source_init_delayed
09-13 21:56:31.771 16945 17088 I bt_bta_av: system/bt/bta/av/bta_av_main.cc:418 bta_av_api_register: bta_av_api_register: AVRCP version used for sdp: "avrcp15"
09-13 21:56:31.781 16945 16945 D A2dpService: setA2dpService(): set to: com.android.bluetooth.a2dp.A2dpService@e8fc22e
09-13 21:56:31.782 16945 16945 I BluetoothHidHostServiceJni: classInitNative: succeeds
09-13 21:56:31.787 16945 16945 I bt_btif : system/bt/btif/src/bluetooth.cc:417 get_profile_interface: get_profile_interface: id = hidhost
09-13 21:56:31.788 16945 16945 I bt_btif_storage: system/bt/btif/src/btif_storage.cc:661 btif_storage_get_adapter_property: btif_storage_get_adapter_property service_mask:0x20100048
09-13 21:56:31.788 16945 17088 I bt_l2cap: system/bt/stack/l2cap/l2c_api.cc:134 L2CA_Register: L2CAP Registered service classic PSM: 0x0011
09-13 21:56:31.788 16945 17088 I bt_l2cap: system/bt/stack/l2cap/l2c_api.cc:134 L2CA_Register: L2CAP Registered service classic PSM: 0x0013
09-13 21:56:31.788 16945 17088 I bluetooth: system/bt/stack/gatt/gatt_api.cc:1019 GATT_Register: Allocated name:GattClient uuid:0b357f78-ac3e-e9d5-dc71-0fa36a67f70b gatt_if:4 eatt_support:0
09-13 21:56:31.788 16945 16945 I BluetoothPanServiceJni: classInitNative(L110): succeeds
09-13 21:56:31.791 16945 16945 D BluetoothPanServiceJni: initializeNative(L115): pan
09-13 21:56:31.791 16945 16945 I bt_btif : system/bt/btif/src/bluetooth.cc:417 get_profile_interface: get_profile_interface: id = pan
09-13 21:56:31.791 16945 17088 I bt_l2cap: system/bt/stack/l2cap/l2c_api.cc:134 L2CA_Register: L2CAP Registered service classic PSM: 0x000f
09-13 21:56:31.792 16945 17088 I bt_bta_dm: system/bt/bta/dm/bta_dm_act.cc:3201 bta_dm_eir_update_uuid: EIR Adding UUID=0x1116 into extended inquiry response
09-13 21:56:31.793 16945 17088 I bt_bta_dm: system/bt/bta/dm/bta_dm_act.cc:2900 bta_dm_set_eir: Generating extended inquiry response packet EIR
09-13 21:56:31.793 16945 17088 I bt_bta_dm: system/bt/bta/dm/bta_dm_act.cc:3201 bta_dm_eir_update_uuid: EIR Adding UUID=0x1115 into extended inquiry response
09-13 21:56:31.793 16945 17088 I bt_bta_dm: system/bt/bta/dm/bta_dm_act.cc:2900 bta_dm_set_eir: Generating extended inquiry response packet EIR
09-13 21:56:31.793 16945 17088 I bt_bta_dm: system/bt/bta/dm/bta_dm_act.cc:3201 bta_dm_eir_update_uuid: EIR Adding UUID=0x1116 into extended inquiry response
09-13 21:56:31.793 16945 17088 I bt_bta_dm: system/bt/bta/dm/bta_dm_act.cc:2900 bta_dm_set_eir: Generating extended inquiry response packet EIR
09-13 21:56:31.793 16945 17088 I bt_bta_dm: system/bt/bta/dm/bta_dm_act.cc:3201 bta_dm_eir_update_uuid: EIR Adding UUID=0x1115 into extended inquiry response
09-13 21:56:31.793 16945 17088 I bt_bta_dm: system/bt/bta/dm/bta_dm_act.cc:2900 bta_dm_set_eir: Generating extended inquiry response packet EIR
09-13 21:56:31.799 16945 17066 D BluetoothPanServiceJni: control_state_callback(L62): state:0, local_role:3, ifname:bt-pan
09-13 21:56:31.817 16945 16945 I AvrcpTargetService: User unlocked, initializing the service
09-13 21:56:31.817 16945 16945 I AvrcpTargetService: Starting the AVRCP Target Service
09-13 21:56:31.821 16945 16945 V MediaPlayerList: Creating MediaPlayerList
09-13 21:56:31.832   540   837 D MediaSessionService: The MediaKeyEventSessionChangedListener (android.os.BinderProxy@16c488c) is added by com.android.bluetooth
09-13 21:56:31.832 16945 16945 I AvrcpTargetJni: classInitNative: AvrcpTargetJni initialized!
09-13 21:56:31.832 16945 16945 D AvrcpNativeInterface: Init AvrcpNativeInterface
09-13 21:56:31.832 16945 16945 D AvrcpTargetJni: initNative
09-13 21:56:31.833 16945 17088 I bt_stack: [INFO:avrcp_service.cc(287)] AVRCP Target Service started
09-13 21:56:31.833 16945 17088 I bt_bta_dm: system/bt/bta/dm/bta_dm_act.cc:3201 bta_dm_eir_update_uuid: EIR Adding UUID=0x110C into extended inquiry response
09-13 21:56:31.833 16945 17088 I bt_bta_dm: system/bt/bta/dm/bta_dm_act.cc:2900 bta_dm_set_eir: Generating extended inquiry response packet EIR
09-13 21:56:31.833 16945 17088 I bt_stack: [INFO:connection_handler.cc(197)] Connect to device ff:ff:ff:ff:ff:ff
09-13 21:56:31.833 16945 17088 I bt_stack: [INFO:connection_handler.cc(219)] virtual bool bluetooth::avrcp::ConnectionHandler::AvrcpConnect(bool, const RawAddress &): handle=0000 status= 000000
09-13 21:56:31.834 16945 17101 D ObexServerSockets: create(rfcomm = -2, l2capPsm = -2)
09-13 21:56:31.863 16945 16945 V MediaPlayerList: Initializing MediaPlayerList
09-13 21:56:31.865 16945 16945 I AvrcpBrowsedPlayerWrapper: Wrapping Media Browser com.google.android.apps.youtube.music
09-13 21:56:31.867 16945 16945 I AvrcpBrowsedPlayerWrapper: Wrapping Media Browser com.google.android.googlequicksearchbox
09-13 21:56:31.867 16945 16945 I AvrcpBrowsedPlayerWrapper: Wrapping Media Browser com.google.android.youtube
09-13 21:56:31.868 16945 16945 E AvrcpTargetService: Please use AVRCP version 1.6 to enable cover art
09-13 21:56:31.870 16945 16945 D HeadsetPhoneState: sendDeviceStateChanged. mService=0 mSignal=0 mRoam=0 mBatteryCharge=5
09-13 21:56:31.872 16945 16945 V BluetoothHidDeviceServiceJni: classInitNative: done
09-13 21:56:31.872 16945 16945 V BluetoothHidDeviceServiceJni: initNative enter
09-13 21:56:31.872 16945 16945 I bt_btif : system/bt/btif/src/bluetooth.cc:417 get_profile_interface: get_profile_interface: id = hiddev
09-13 21:56:31.873 16945 16945 I bt_btif_storage: system/bt/btif/src/btif_storage.cc:661 btif_storage_get_adapter_property: btif_storage_get_adapter_property service_mask:0x60100048
09-13 21:56:31.873 16945 16945 V BluetoothHidDeviceServiceJni: initNative done
09-13 21:56:31.883 16945 17101 I bt_btif_sock_rfcomm: system/bt/btif/src/btif_sock_rfc.cc:303 btsock_rfc_listen: Adding listening socket service_name: (null) - channel: -2
09-13 21:56:31.883 16945 17088 I bt_stack: [INFO:port_api.cc(234)] RFCOMM_CreateConnection: bd_addr=ff:ff:ff:ff:ff:ff, scn=4, is_server=1, mtu=990, uuid=000000, dlci=8, signal_state=0x0b, p_port=0x785baa96e128
09-13 21:56:31.884 16945 16945 D BtOppService: setBluetoothOppService(): set to: com.android.bluetooth.opp.BluetoothOppService@6ddd553
09-13 21:56:31.885 16945 17101 I bluetooth: system/bt/btif/src/btif_sock_l2cap.cc:316 btsock_l2cap_alloc_l: Allocated l2cap socket structure socket_id:1
09-13 21:56:31.886 16945 17088 I bt_l2cap: system/bt/stack/l2cap/l2c_api.cc:134 L2CA_Register: L2CAP Registered service classic PSM: 0x1001
09-13 21:56:31.886 16945 17088 I bluetooth: system/bt/btif/src/btif_sock_l2cap.cc:341 send_app_psm_or_chan_l: Sending l2cap socket socket_id:1 channel:4097
09-13 21:56:31.887 16945 17101 D BluetoothAdapter: listenUsingL2capOn: set assigned channel to 4097
09-13 21:56:31.887 16945 17101 D ObexServerSockets: Succeed to create listening sockets
09-13 21:56:31.887 16945 17101 D ObexServerSockets0: startAccept()
09-13 21:56:31.888 16945 17101 D BluetoothSdpJni: sdpCreateMapMasRecordNative
09-13 21:56:31.888 16945 17101 D BluetoothSdpJni: SDP Create record success - handle: 0
09-13 21:56:31.888 16945 17088 I bt_bta_dm: system/bt/bta/dm/bta_dm_act.cc:3201 bta_dm_eir_update_uuid: EIR Adding UUID=0x1132 into extended inquiry response
09-13 21:56:31.888 16945 17088 I bt_bta_dm: system/bt/bta/dm/bta_dm_act.cc:2900 bta_dm_set_eir: Generating extended inquiry response packet EIR
09-13 21:56:31.888 16945 17106 D ObexServerSockets0: Accepting socket connection...
09-13 21:56:31.895 16945 17105 D ObexServerSockets0: Accepting socket connection...
09-13 21:56:31.896 16945 16945 I BluetoothPbapService: setCurrentUser(0)
09-13 21:56:31.898 16945 16945 I BluetoothPbapService: setUserUnlocked(0)
09-13 21:56:31.898 16945 16945 I BluetoothPbapService: setUserUnlocked(0)
09-13 21:56:31.904 16945 16945 D BluetoothPbapService: setBluetoothPbapService(): set to: com.android.bluetooth.pbap.BluetoothPbapService@9ab29a7
09-13 21:56:31.905 16945 16945 D AvrcpVolumeManager: onAudioDevicesAdded: Not expecting device changed
09-13 21:56:31.909 16945 17107 D ObexServerSockets: create(rfcomm = -2, l2capPsm = -2)
09-13 21:56:31.914   339   339 D Zygote  : Forked child process 17109
09-13 21:56:31.920 17004 17004 I ViewInteraction: Checking 'MatchesViewAssertion{viewMatcher=an instance of android.widget.TextView and view.getText() with or without transformation to match: a string containing "Subtotal: $0.50"}' assertion on view view.getId() is <2131231217/com.example.lunchtray:id/subtotal>
09-13 21:56:31.928 16945 17107 I bt_btif_sock_rfcomm: system/bt/btif/src/btif_sock_rfc.cc:303 btsock_rfc_listen: Adding listening socket service_name: (null) - channel: -2
09-13 21:56:31.928 16945 17088 I bt_stack: [INFO:port_api.cc(234)] RFCOMM_CreateConnection: bd_addr=ff:ff:ff:ff:ff:ff, scn=5, is_server=1, mtu=990, uuid=000000, dlci=10, signal_state=0x0b, p_port=0x785baa96e1e0
09-13 21:56:31.929 17004 17004 I ViewInteraction: Performing 'single click' action on view view.getId() is <2131230825/com.example.lunchtray:id/berries>
09-13 21:56:31.933 16945 17107 I bluetooth: system/bt/btif/src/btif_sock_l2cap.cc:316 btsock_l2cap_alloc_l: Allocated l2cap socket structure socket_id:2
09-13 21:56:31.933 16945 17088 I bt_l2cap: system/bt/stack/l2cap/l2c_api.cc:134 L2CA_Register: L2CAP Registered service classic PSM: 0x1003
09-13 21:56:31.933 16945 17088 I bluetooth: system/bt/btif/src/btif_sock_l2cap.cc:341 send_app_psm_or_chan_l: Sending l2cap socket socket_id:2 channel:4099
09-13 21:56:31.934 16945 17107 D BluetoothAdapter: listenUsingL2capOn: set assigned channel to 4099
09-13 21:56:31.934 16945 17107 D ObexServerSockets: Succeed to create listening sockets
09-13 21:56:31.934 16945 17107 D ObexServerSockets1: startAccept()
09-13 21:56:31.934 16945 17107 D BluetoothSdpJni: sdpCreatePbapPseRecordNative
09-13 21:56:31.934 16945 17107 D BluetoothSdpJni: SDP Create record success - handle: 1
09-13 21:56:31.935 16945 17107 D BluetoothPbapService: created Sdp record, mSdpHandle=1
09-13 21:56:31.935 16945 17088 I bt_bta_dm: system/bt/bta/dm/bta_dm_act.cc:3201 bta_dm_eir_update_uuid: EIR Adding UUID=0x112F into extended inquiry response
09-13 21:56:31.935 16945 17088 I bt_bta_dm: system/bt/bta/dm/bta_dm_act.cc:2900 bta_dm_set_eir: Generating extended inquiry response packet EIR
09-13 21:56:31.935 16945 17110 D ObexServerSockets1: Accepting socket connection...
09-13 21:56:31.936 16945 17111 D ObexServerSockets1: Accepting socket connection...
09-13 21:56:31.941 17109 17109 W s.youtube.musi: Unexpected CPU variant for X86 using defaults: x86_64
09-13 21:56:31.947 17109 17109 E s.youtube.musi: Not starting debugger since process cannot load the jdwp agent.
09-13 21:56:31.948 16945 16945 D CompatibilityChangeReporter: Compat change id reported: 150939131; UID 1002; state: ENABLED
09-13 21:56:31.948 16945 16945 D AdapterProperties: onBluetoothReady, state=TURNING_ON, ScanMode=20
09-13 21:56:31.950 16945 16945 D BluetoothAdapterService: updateUuids() - Updating UUIDs for bonded devices
09-13 21:56:31.952 16945 16945 I BluetoothAdapterService: initProfileServices: Initializing all bluetooth profile services
09-13 21:56:31.953 16945 16945 I BluetoothA2dpSinkServiceJni: classInitNative: succeeds
09-13 21:56:31.953 16945 16945 W HeadsetClientService: getHeadsetClientService(): service is null
09-13 21:56:31.953 16945 16945 W MapClientService: getMapClientService(): service is null
09-13 21:56:31.953 16945 16945 W PbapClientService: getPbapClientService(): service is null
09-13 21:56:31.953 16945 16945 W HearingAidService: getHearingAidService(): service is NULL
09-13 21:56:31.953 16945 16945 W SapService: getSapService(): service is null
09-13 21:56:31.954 16945 17056 I AdapterState: ON : entered
09-13 21:56:31.954 16945 17056 D AdapterProperties: Setting state to ON
09-13 21:56:31.956 16945 17056 D BluetoothAdapterService: updateAdapterState() - Broadcasting state ON to 1 receivers.
09-13 21:56:31.957 16945 17066 D AdapterProperties: Scan Mode:21
09-13 21:56:31.958 16945 17066 D AdapterProperties: Discoverable Timeout:120
09-13 21:56:31.961 16945 17066 D AdapterProperties: mLocalIOCapability set to 1
09-13 21:56:31.961 16945 17066 D AdapterProperties: mLocalIOCapabilityBLE set to 4
09-13 21:56:31.962   540   577 D BluetoothA2dp: Binding service...
09-13 21:56:31.963   540   577 D BluetoothA2dp: Binding service...
09-13 21:56:31.963   540   577 D BluetoothHeadset: onBluetoothStateChange: up=true
09-13 21:56:31.964   787 12806 D BluetoothPan: Binding service...
09-13 21:56:31.964   787   803 D BluetoothMap: Binding service...
09-13 21:56:31.964   339   339 D Zygote  : Forked child process 17123
09-13 21:56:31.970   540   577 D BluetoothHeadset: onBluetoothStateChange: up=true
09-13 21:56:31.971   787   881 D BluetoothHeadset: onBluetoothStateChange: up=true
09-13 21:56:31.971   787 12806 D BluetoothHidDevice: Binding service...
09-13 21:56:31.971   540   577 D BluetoothA2dp: Binding service...
09-13 21:56:31.973   787  7710 D BluetoothA2dp: Binding service...
09-13 21:56:31.973   787   881 D BluetoothHidHost: Binding service...
09-13 21:56:31.986   962  1214 D BluetoothHeadset: onBluetoothStateChange: up=true
09-13 21:56:31.986  5731 17043 I NearbyDiscovery: FastPairHandler: Received action android.bluetooth.adapter.action.BLE_STATE_CHANGED [CONTEXT service_id=49 ]
09-13 21:56:31.992 16945 17056 D BluetoothAdapterService: enableBluetoothInCallService() - Enable = true
09-13 21:56:31.993  5731 17043 D BluetoothAdapter: isLeEnabled(): ON
09-13 21:56:31.995  5731 17043 I NearbyDiscovery: FastPairScanner2: eventType=BLE_ON, intReq=false, scanning=false, scanAllowed=true, bleEnabled=true, bleScanAvailable=false [CONTEXT service_id=49 ]
09-13 21:56:32.001  5731 17043 I NearbyDiscovery: FastPairScanner2: Skipping stop, already stopped scanning [CONTEXT service_id=49 ]
09-13 21:56:32.005  9242  9242 I GsaVoiceInteractionSrv: O received Intent { act=android.bluetooth.adapter.action.STATE_CHANGED flg=0x4000010 (has extras) }
09-13 21:56:32.006  5731 17043 D BluetoothAdapter: isLeEnabled(): ON
09-13 21:56:32.013 16945 17088 I bluetooth: system/bt/stack/gatt/gatt_api.cc:1019 GATT_Register: Allocated name:GattClient uuid:9e2c23f7-1ebd-775c-b47c-636b1abc412d gatt_if:5 eatt_support:0
09-13 21:56:32.013  5731 10647 D BluetoothLeScanner: onScannerRegistered() - status=0 scannerId=5 mScannerId=0
09-13 21:56:32.016  5731  6091 I NearbySharing: Bluetooth is enabled [CONTEXT service_id=194 ]
09-13 21:56:32.017  5731  6091 I NearbySharing: Failed to stop scanning because weren't scanning. [CONTEXT service_id=194 ]
09-13 21:56:32.017  5731  6091 I NearbySharing: Stopping discovery because Nearby Sharing is disabled. [CONTEXT service_id=194 ]
09-13 21:56:32.017  5731  6091 I NearbySharing: Can't stop advertising FastInitiation. Not advertising. [CONTEXT service_id=194 ]
09-13 21:56:32.017  5731  6091 I NearbySharing: Stopping Fast Init advertisement because we're not scanning. [CONTEXT service_id=194 ]
09-13 21:56:32.017  5731  6091 I NearbySharing: Failed to stop advertising because we weren't advertising. [CONTEXT service_id=194 ]
09-13 21:56:32.017 17109 17109 D CompatibilityChangeReporter: Compat change id reported: 171979766; UID 10113; state: DISABLED
09-13 21:56:32.017  5731  6091 I NearbySharing: Stopping advertising because Nearby Sharing is disabled. [CONTEXT service_id=194 ]
09-13 21:56:32.020  5731  5731 I ProximityAuth: [PhoneHubService] Bluetooth was enabled, starting service
09-13 21:56:32.022   787   787 D BluetoothPan: Proxy object connected
09-13 21:56:32.040   787   787 D BluetoothA2dp: Proxy object connected
09-13 21:56:32.042  5731  6091 D BluetoothAdapter: isLeEnabled(): ON
09-13 21:56:32.048  5731  5731 I ProximityAuth: [PhoneHubService] Handling intent for PhoneHubChimeraService.
09-13 21:56:32.051  5731 16078 I ProximityAuth: [PhoneHubService] No enabled account, stopping service
09-13 21:56:32.066   787   787 D BluetoothHidDevice: Proxy object connected
09-13 21:56:32.071 16945 17070 D BluetoothActiveDeviceManager: handleMessage(MESSAGE_ADAPTER_ACTION_STATE_CHANGED): newState=12
09-13 21:56:32.081   339   339 D Zygote  : Forked child process 17134
09-13 21:56:32.084   540   540 D BluetoothA2dp: Proxy object connected
09-13 21:56:32.084   540   540 D BluetoothA2dp: Proxy object connected
09-13 21:56:32.088   540   540 D BluetoothA2dp: Proxy object connected
09-13 21:56:32.091   540   540 D BluetoothHeadset: Proxy object connected
09-13 21:56:32.091   540   540 D BluetoothHeadset: Proxy object connected
09-13 21:56:32.091 17123 17123 W d.process.acor: Unexpected CPU variant for X86 using defaults: x86_64
09-13 21:56:32.093   787   787 D BluetoothHidHost: Proxy object connected
09-13 21:56:32.096   962  1214 D BluetoothHeadset: Proxy object connected
09-13 21:56:32.096   787  7710 D BluetoothHeadset: Proxy object connected
09-13 21:56:32.101 17134 17134 W android.youtub: Unexpected CPU variant for X86 using defaults: x86_64
09-13 21:56:32.108 17123 17123 E d.process.acor: Not starting debugger since process cannot load the jdwp agent.
09-13 21:56:32.117 17134 17134 E android.youtub: Not starting debugger since process cannot load the jdwp agent.
09-13 21:56:32.117   540   738 I AS.BtHelper: setBtScoActiveDevice: (null) -> (null)
09-13 21:56:32.124   787   787 D BluetoothMap: Proxy object connected
09-13 21:56:32.124   787   787 D BluetoothMap: getConnectedDevices()
09-13 21:56:32.128 16945 16945 D BluetoothAdapterService: isQuetModeEnabled() - Enabled = false
09-13 21:56:32.128 16945 16945 I BluetoothPhonePolicy: autoConnect: Initiate auto connection on BT on...
09-13 21:56:32.128 16945 16945 D BluetoothDatabase: getMostRecentlyConnectedA2dpDevice: Invalid address for device LocalStorage
09-13 21:56:32.128 16945 16945 E BluetoothPhonePolicy: autoConnect: most recently active a2dp device is null
09-13 21:56:32.128 16945 16945 D BtOppService: start Socket Listeners
09-13 21:56:32.128 16945 16945 D BtOppService: stopListeners: mServerSocket is null
09-13 21:56:32.128 16945 16945 D ObexServerSockets: create(rfcomm = -2, l2capPsm = -2)
09-13 21:56:32.133 16945 16945 I bt_btif_sock_rfcomm: system/bt/btif/src/btif_sock_rfc.cc:303 btsock_rfc_listen: Adding listening socket service_name: (null) - channel: -2
09-13 21:56:32.134 16945 17088 I bt_stack: [INFO:port_api.cc(234)] RFCOMM_CreateConnection: bd_addr=ff:ff:ff:ff:ff:ff, scn=6, is_server=1, mtu=990, uuid=000000, dlci=12, signal_state=0x0b, p_port=0x785baa96e298
09-13 21:56:32.134 16945 16945 D BluetoothAdapter: listenUsingInsecureL2capOn: port=-2
09-13 21:56:32.141 16945 16945 I bluetooth: system/bt/btif/src/btif_sock_l2cap.cc:316 btsock_l2cap_alloc_l: Allocated l2cap socket structure socket_id:3
09-13 21:56:32.142 16945 17088 I bt_l2cap: system/bt/stack/l2cap/l2c_api.cc:134 L2CA_Register: L2CAP Registered service classic PSM: 0x1005
09-13 21:56:32.142 16945 17088 I bluetooth: system/bt/btif/src/btif_sock_l2cap.cc:341 send_app_psm_or_chan_l: Sending l2cap socket socket_id:3 channel:4101
09-13 21:56:32.144  5731  5731 I ProximityAuth: [PhoneHubService] Destroying PhoneHubChimeraService.
09-13 21:56:32.144 16945 16945 D BluetoothAdapter: listenUsingInsecureL2capOn: set assigned channel to 4101
09-13 21:56:32.144  5731  5731 I ProximityAuth: [PhoneHubService] All devices have disconnected. Performing cleanup...
09-13 21:56:32.145  5731  5731 W ChimeraUtils: Module com.google.android.gms.auth_proximity has empty metadata display_name_string_id
09-13 21:56:32.144 16945 16945 D ObexServerSockets: Succeed to create listening sockets
09-13 21:56:32.146 16945 16945 D ObexServerSockets2: startAccept()
09-13 21:56:32.147 16945 16945 D BluetoothSdpJni: sdpCreateOppOpsRecordNative
09-13 21:56:32.147 16945 16945 D BluetoothSdpJni: SDP Create record success - handle: 2
09-13 21:56:32.147 16945 17088 I bt_bta_dm: system/bt/bta/dm/bta_dm_act.cc:3201 bta_dm_eir_update_uuid: EIR Adding UUID=0x1105 into extended inquiry response
09-13 21:56:32.147 16945 17088 I bt_bta_dm: system/bt/bta/dm/bta_dm_act.cc:2900 bta_dm_set_eir: Generating extended inquiry response packet EIR
09-13 21:56:32.148 16945 16945 D BtOppService: mOppSdpHandle :2
09-13 21:56:32.159 16945 17162 D ObexServerSockets2: Accepting socket connection...
09-13 21:56:32.160 16945 17161 D ObexServerSockets2: Accepting socket connection...
09-13 21:56:32.161 17134 17134 D CompatibilityChangeReporter: Compat change id reported: 171979766; UID 10118; state: DISABLED
09-13 21:56:32.167 17123 17123 D CompatibilityChangeReporter: Compat change id reported: 171979766; UID 10058; state: ENABLED
09-13 21:56:32.167  2784  2784 I PodcastsMBService: onGetRoot com.android.bluetooth
09-13 21:56:32.304  2784  2784 E PodcastsMBService: com.android.bluetooth is not authorized to browse contents.
09-13 21:56:32.304  2784  2784 I MediaBrowserService: No root for client com.android.bluetooth from service android.service.media.MediaBrowserService$ServiceBinder$1
09-13 21:56:32.327 16945 17098 W UnsafeUtil: platform method missing - proto runtime falling back to safer methods: java.lang.NoSuchMethodException: sun.misc.Unsafe.copyMemory [class java.lang.Object, long, class java.lang.Object, long, long]
09-13 21:56:32.330 16945 16945 E MediaBrowser: onConnectFailed for ComponentInfo{com.google.android.googlequicksearchbox/com.google.android.apps.gsa.staticplugins.mediabrowser.PodcastsMediaBrowserService}
09-13 21:56:32.375 16945 16945 W AvrcpBrowsedPlayerWrapper: onConnectionFailed: Connection Failed with com.google.android.googlequicksearchbox
09-13 21:56:32.375 16945 16945 D AvrcpBrowsablePlayerConnector: Browse player callback called: package=com.google.android.googlequicksearchbox : status=1
09-13 21:56:32.375 16945 16945 D AvrcpBrowsablePlayerConnector: Received a message: msg.what=1
09-13 21:56:32.375 16945 16945 I AvrcpBrowsablePlayerConnector: com.google.android.googlequicksearchbox is not browsable
09-13 21:56:32.376 17004 17004 I ViewInteraction: Checking 'MatchesViewAssertion{viewMatcher=an instance of android.widget.TextView and view.getText() with or without transformation to match: a string containing "Subtotal: $1.00"}' assertion on view view.getId() is <2131231217/com.example.lunchtray:id/subtotal>
09-13 21:56:32.381 17004 17051 D EGL_emulation: app_time_stats: avg=27.61ms min=2.03ms max=658.41ms count=41
09-13 21:56:32.394 17004 17049 E TestRunner: failed: radio_buttons_update_accompaniment_menu_subtotal(com.example.lunchtray.OrderFunctionalityTests)
09-13 21:56:32.394 17004 17049 E TestRunner: ----- begin exception -----
09-13 21:56:32.396 17004 17049 E TestRunner: androidx.test.espresso.base.DefaultFailureHandler$AssertionFailedWithCauseError: 'an instance of android.widget.TextView and view.getText() with or without transformation to match: a string containing "Subtotal: $1.00"' doesn't match the selected view.
09-13 21:56:32.396 17004 17049 E TestRunner: Expected: an instance of android.widget.TextView and view.getText() with or without transformation to match: a string containing "Subtotal: $1.00"
09-13 21:56:32.396 17004 17049 E TestRunner:      Got: view.getText() was "Subtotal: $1.50"
09-13 21:56:32.396 17004 17049 E TestRunner: View Details: TextView{id=2131231217, res-name=subtotal, visibility=VISIBLE, width=342, height=67, has-focus=false, has-focusable=false, has-window-focus=true, is-clickable=false, is-enabled=true, is-focused=false, is-focusable=false, is-layout-requested=false, is-selected=false, layout-params=androidx.constraintlayout.widget.ConstraintLayout$LayoutParams@ccace2a, tag=null, root-is-layout-requested=false, has-input-connection=false, x=694.0, y=813.0, text=Subtotal: $1.50, input-type=0, ime-target=false, has-links=false}
09-13 21:56:32.396 17004 17049 E TestRunner:
09-13 21:56:32.396 17004 17049 E TestRunner: 	at dalvik.system.VMStack.getThreadStackTrace(Native Method)
09-13 21:56:32.396 17004 17049 E TestRunner: 	at java.lang.Thread.getStackTrace(Thread.java:1724)
09-13 21:56:32.396 17004 17049 E TestRunner: 	at androidx.test.espresso.base.DefaultFailureHandler.getUserFriendlyError(DefaultFailureHandler.java:12)
09-13 21:56:32.396 17004 17049 E TestRunner: 	at androidx.test.espresso.base.DefaultFailureHandler.handle(DefaultFailureHandler.java:7)
09-13 21:56:32.396 17004 17049 E TestRunner: 	at androidx.test.espresso.ViewInteraction.waitForAndHandleInteractionResults(ViewInteraction.java:5)
09-13 21:56:32.396 17004 17049 E TestRunner: 	at androidx.test.espresso.ViewInteraction.check(ViewInteraction.java:12)
09-13 21:56:32.396 17004 17049 E TestRunner: 	at com.example.lunchtray.OrderFunctionalityTests.radio_buttons_update_accompaniment_menu_subtotal(OrderFunctionalityTests.kt:121)
09-13 21:56:32.396 17004 17049 E TestRunner: 	at java.lang.reflect.Method.invoke(Native Method)
09-13 21:56:32.396 17004 17049 E TestRunner: 	at org.junit.runners.model.FrameworkMethod$1.runReflectiveCall(FrameworkMethod.java:50)
09-13 21:56:32.396 17004 17049 E TestRunner: 	at org.junit.internal.runners.model.ReflectiveCallable.run(ReflectiveCallable.java:12)
09-13 21:56:32.396 17004 17049 E TestRunner: 	at org.junit.runners.model.FrameworkMethod.invokeExplosively(FrameworkMethod.java:47)
09-13 21:56:32.396 17004 17049 E TestRunner: 	at org.junit.internal.runners.statements.InvokeMethod.evaluate(InvokeMethod.java:17)
09-13 21:56:32.396 17004 17049 E TestRunner: 	at org.junit.runners.ParentRunner.runLeaf(ParentRunner.java:325)
09-13 21:56:32.396 17004 17049 E TestRunner: 	at org.junit.runners.BlockJUnit4ClassRunner.runChild(BlockJUnit4ClassRunner.java:78)
09-13 21:56:32.396 17004 17049 E TestRunner: 	at org.junit.runners.BlockJUnit4ClassRunner.runChild(BlockJUnit4ClassRunner.java:57)
09-13 21:56:32.396 17004 17049 E TestRunner: 	at org.junit.runners.ParentRunner$3.run(ParentRunner.java:290)
09-13 21:56:32.396 17004 17049 E TestRunner: 	at org.junit.runners.ParentRunner$1.schedule(ParentRunner.java:71)
09-13 21:56:32.396 17004 17049 E TestRunner: 	at org.junit.runners.ParentRunner.runChildren(ParentRunner.java:288)
09-13 21:56:32.396 17004 17049 E TestRunner: 	at org.junit.runners.ParentRunner.access$000(ParentRunner.java:58)
09-13 21:56:32.396 17004 17049 E TestRunner: 	at org.junit.runners.ParentRunner$2.evaluate(ParentRunner.java:268)
09-13 21:56:32.396 17004 17049 E TestRunner: 	at org.junit.runners.ParentRunner.run(ParentRunner.java:363)
09-13 21:56:32.396 17004 17049 E TestRunner: 	at androidx.test.ext.junit.runners.AndroidJUnit4.run(AndroidJUnit4.java:162)
09-13 21:56:32.396 17004 17049 E TestRunner: 	at org.junit.runners.Suite.runChild(Suite.java:128)
09-13 21:56:32.396 17004 17049 E TestRunner: 	at org.junit.runners.Suite.runChild(Suite.java:27)
09-13 21:56:32.396 17004 17049 E TestRunner: 	at org.junit.runners.ParentRunner$3.run(ParentRunner.java:290)
09-13 21:56:32.396 17004 17049 E TestRunner: 	at org.junit.runners.ParentRunner$1.schedule(ParentRunner.java:71)
09-13 21:56:32.396 17004 17049 E TestRunner: 	at org.junit.runners.ParentRunner.runChildren(ParentRunner.java:288)
09-13 21:56:32.396 17004 17049 E TestRunner: 	at org.junit.runners.ParentRunner.access$000(ParentRunner.java:58)
09-13 21:56:32.396 17004 17049 E TestRunner: 	at org.junit.runners.ParentRunner$2.evaluate(ParentRunner.java:268)
09-13 21:56:32.396 17004 17049 E TestRunner: 	at org.junit.runners.ParentRunner.run(ParentRunner.java:363)
09-13 21:56:32.396 17004 17049 E TestRunner: 	at org.junit.runner.JUnitCore.run(JUnitCore.java:137)
09-13 21:56:32.396 17004 17049 E TestRunner: 	at org.junit.runner.JUnitCore.run(JUnitCore.java:115)
09-13 21:56:32.396 17004 17049 E TestRunner: 	at androidx.test.internal.runner.TestExecutor.execute(TestExecutor.java:56)
09-13 21:56:32.396 17004 17049 E TestRunner: 	at androidx.test.runner.AndroidJUnitRunner.onStart(AndroidJUnitRunner.java:444)
09-13 21:56:32.396 17004 17049 E TestRunner: 	at android.app.Instrumentation$InstrumentationThread.run(Instrumentation.java:2248)
09-13 21:56:32.396 17004 17049 E TestRunner: Caused by: junit.framework.AssertionFailedError: 'an instance of android.widget.TextView and view.getText() with or without transformation to match: a string containing "Subtotal: $1.00"' doesn't match the selected view.
09-13 21:56:32.396 17004 17049 E TestRunner: Expected: an instance of android.widget.TextView and view.getText() with or without transformation to match: a string containing "Subtotal: $1.00"
09-13 21:56:32.396 17004 17049 E TestRunner:      Got: view.getText() was "Subtotal: $1.50"
09-13 21:56:32.397 17004 17049 E TestRunner: View Details: TextView{id=2131231217, res-name=subtotal, visibility=VISIBLE, width=342, height=67, has-focus=false, has-focusable=false, has-window-focus=true, is-clickable=false, is-enabled=true, is-focused=false, is-focusable=false, is-layout-requested=false, is-selected=false, layout-params=androidx.constraintlayout.widget.ConstraintLayout$LayoutParams@ccace2a, tag=null, root-is-layout-requested=false, has-input-connection=false, x=694.0, y=813.0, text=Subtotal: $1.50, input-type=0, ime-target=false, has-links=false}
09-13 21:56:32.397 17004 17049 E TestRunner:
09-13 21:56:32.397 17004 17049 E TestRunner: 	at androidx.test.espresso.matcher.ViewMatchers.assertThat(ViewMatchers.java:16)
09-13 21:56:32.397 17004 17049 E TestRunner: 	at androidx.test.espresso.assertion.ViewAssertions$MatchesViewAssertion.check(ViewAssertions.java:11)
09-13 21:56:32.397 17004 17049 E TestRunner: 	at androidx.test.espresso.ViewInteraction$SingleExecutionViewAssertion.check(ViewInteraction.java:2)
09-13 21:56:32.397 17004 17049 E TestRunner: 	at androidx.test.espresso.ViewInteraction$2.call(ViewInteraction.java:12)
09-13 21:56:32.397 17004 17049 E TestRunner: 	at androidx.test.espresso.ViewInteraction$2.call(ViewInteraction.java:1)
09-13 21:56:32.397 17004 17049 E TestRunner: 	at java.util.concurrent.FutureTask.run(FutureTask.java:266)
09-13 21:56:32.397 17004 17049 E TestRunner: 	at android.os.Handler.handleCallback(Handler.java:938)
09-13 21:56:32.397 17004 17049 E TestRunner: 	at android.os.Handler.dispatchMessage(Handler.java:99)
09-13 21:56:32.397 17004 17049 E TestRunner: 	at android.os.Looper.loopOnce(Looper.java:201)
09-13 21:56:32.397 17004 17049 E TestRunner: 	at android.os.Looper.loop(Looper.java:288)
09-13 21:56:32.397 17004 17049 E TestRunner: 	at android.app.ActivityThread.main(ActivityThread.java:7839)
09-13 21:56:32.397 17004 17049 E TestRunner: 	at java.lang.reflect.Method.invoke(Native Method)
09-13 21:56:32.397 17004 17049 E TestRunner: 	at com.android.internal.os.RuntimeInit$MethodAndArgsCaller.run(RuntimeInit.java:548)
09-13 21:56:32.397 17004 17049 E TestRunner: 	at com.android.internal.os.ZygoteInit.main(ZygoteInit.java:1003)
09-13 21:56:32.397 17004 17049 E TestRunner: ----- end exception -----
09-13 21:56:32.412  5731 17043 I NearbyDiscovery: FastPairScanner2: Starting LOW_LATENCY_SCANNING scanning for 6 seconds [CONTEXT service_id=49 ]
09-13 21:56:32.412  5731 17043 I NearbyDiscovery: FastPairHandler: Received action android.bluetooth.adapter.action.STATE_CHANGED [CONTEXT service_id=49 ]
09-13 21:56:32.418  5731 17043 D BluetoothAdapter: isLeEnabled(): ON
